06-17 22:28:39.355   376  1938 I OMXMaster: makeComponentInstance(OMX.google.aac.decoder) in mediacodec process
06-17 22:28:39.355   376  1938 E SoftOMXPlugin: make component instance, need dlopen(libstagefright_soft_aacdec.so)!
06-17 22:28:39.357   376  1938 I SoftAAC2: RingBufferSize = 131072
06-17 22:28:39.361   376  1931 E OMXNodeInstance: getParameter(17800ab:google.aac.decoder, ??(0x7f200406)) ERROR: UnsupportedIndex(0x8000101a)
06-17 22:28:39.361   376   376 E OMXNodeInstance: setParameter(17800ab:google.aac.decoder, ??(0x7f00002a)) ERROR: UnsupportedIndex(0x8000101a)
06-17 22:28:39.371   376 18487 I hexdump : 00000000:  12 10                                             ..
06-17 22:28:39.372   376 18487 I SoftAAC2: Reconfiguring decoder: 0->44100 Hz, 0->2 channels
06-17 22:28:39.379   376 18487 I SoftAAC2: discard 3370 samples at the beginning(outputDelay = 3370, compensated = 0)
06-17 22:28:39.587   376 18487 I SoftAAC2: input eos, length=0
06-17 22:28:39.587   376 18487 I SoftAAC2: EBD: inHeader->nFilledLen == 0
06-17 22:28:39.591   376   486 I SoftAAC2: onReset
06-17 22:28:39.592   376  1931 E SoftOMXPlugin: destroy component instance, need dlclose()!
06-17 22:28:39.596   403  1403 E DrmManagerService(Native): isProtectedCallAllowed in uid 10107 spid 18238
06-17 22:28:39.596   403  1403 E DrmManagerService(Native): isProtectedCallAllowed out uid 10107 spid 18238, result 0
06-17 22:28:39.596   403  1403 E DrmManagerService(Native): isProtectedCallAllowed DrmMtkUtil::isTrustedClient uid 10107 spid 18238, result 0
06-17 22:28:39.598   403 11943 E DrmManagerService(Native): isProtectedCallAllowed in uid 10107 spid 18238
06-17 22:28:39.598   403 11943 E DrmManagerService(Native): isProtectedCallAllowed out uid 10107 spid 18238, result 0
06-17 22:28:39.598   403 11943 E DrmManagerService(Native): isProtectedCallAllowed DrmMtkUtil::isTrustedClient uid 10107 spid 18238, result 0
06-17 22:28:39.599   407   513 I MPEG4Extractor: chunk: free @ 24, chunkSize:8
06-17 22:28:39.599   407   513 I MPEG4Extractor: chunk: mdat @ 32, chunkSize:25618
06-17 22:28:39.609   407   513 I MediaExtractor: Autodetected media content as 'video/mp4' with confidence 0.90
06-17 22:28:39.617   376  1933 I OMXMaster: makeComponentInstance(OMX.google.aac.decoder) in mediacodec process
06-17 22:28:39.617   376  1933 E SoftOMXPlugin: make component instance, need dlopen(libstagefright_soft_aacdec.so)!
06-17 22:28:39.619   376  1933 I SoftAAC2: RingBufferSize = 131072
06-17 22:28:39.622   376  1938 E OMXNodeInstance: getParameter(17800ac:google.aac.decoder, ??(0x7f200406)) ERROR: UnsupportedIndex(0x8000101a)
06-17 22:28:39.623   376   486 E OMXNodeInstance: setParameter(17800ac:google.aac.decoder, ??(0x7f00002a)) ERROR: UnsupportedIndex(0x8000101a)
06-17 22:28:39.629   376 18507 I hexdump : 00000000:  13 88 56 e5 00                                    ..V..
06-17 22:28:39.631   376 18507 I SoftAAC2: Reconfiguring decoder: 0->22050 Hz, 0->1 channels
06-17 22:28:39.636   376 18507 I SoftAAC2: discard 1354 samples at the beginning(outputDelay = 1354, compensated = 0)
06-17 22:28:39.733   376 18507 I SoftAAC2: input eos, length=0
06-17 22:28:39.733   376 18507 I SoftAAC2: EBD: inHeader->nFilledLen == 0
06-17 22:28:39.736   376  1938 I SoftAAC2: onReset
06-17 22:28:39.737   376   376 E SoftOMXPlugin: destroy component instance, need dlclose()!
06-17 22:32:29.814   403 11942 E DrmManagerService(Native): isProtectedCallAllowed in uid 10129 spid 3273
06-17 22:32:29.814   403  1403 E DrmManagerService(Native): isProtectedCallAllowed in uid 10129 spid 3273
06-17 22:32:29.814   403  1403 E DrmManagerService(Native): isProtectedCallAllowed out uid 10129 spid 3273, result 0
06-17 22:32:29.814   403 11942 E DrmManagerService(Native): isProtectedCallAllowed out uid 10129 spid 3273, result 0
06-17 22:32:29.818   403 11942 E DrmManagerService(Native): isProtectedCallAllowed DrmMtkUtil::isTrustedClient uid 10129 spid 3273, result 0
06-17 22:32:29.818   403  1403 E DrmManagerService(Native): isProtectedCallAllowed DrmMtkUtil::isTrustedClient uid 10129 spid 3273, result 0
06-17 22:32:29.823   403 11943 E DrmManagerService(Native): isProtectedCallAllowed in uid 10129 spid 3273
06-17 22:32:29.823   403   403 E DrmManagerService(Native): isProtectedCallAllowed in uid 10129 spid 3273
06-17 22:32:29.823   403 11943 E DrmManagerService(Native): isProtectedCallAllowed out uid 10129 spid 3273, result 0
06-17 22:32:29.823   403   403 E DrmManagerService(Native): isProtectedCallAllowed out uid 10129 spid 3273, result 0
06-17 22:32:29.823   403   403 E DrmManagerService(Native): isProtectedCallAllowed DrmMtkUtil::isTrustedClient uid 10129 spid 3273, result 0
06-17 22:32:29.823   403 11943 E DrmManagerService(Native): isProtectedCallAllowed DrmMtkUtil::isTrustedClient uid 10129 spid 3273, result 0
06-17 22:32:29.827   407  1407 I MPEG4Extractor: chunk: free @ 24, chunkSize:136
06-17 22:32:29.827   407  1405 I MPEG4Extractor: chunk: free @ 24, chunkSize:136
06-17 22:32:29.827   407  1407 I MPEG4Extractor: chunk: mdat @ 160, chunkSize:754653
06-17 22:32:29.827   407  1405 I MPEG4Extractor: chunk: mdat @ 160, chunkSize:754653
06-17 22:32:29.914   407  1405 I MediaExtractor: Autodetected media content as 'video/mp4' with confidence 0.90
06-17 22:32:29.914   407  1407 I MediaExtractor: Autodetected media content as 'video/mp4' with confidence 0.90
06-17 22:32:29.918   407   407 I SampleTableExt: There are reordered frames present.
06-17 22:32:29.918   407   513 I SampleTableExt: There are reordered frames present.
06-17 22:32:29.935   376   376 I OMXMaster: makeComponentInstance(OMX.google.aac.decoder) in mediacodec process
06-17 22:32:29.935   376   376 E SoftOMXPlugin: make component instance, need dlopen(libstagefright_soft_aacdec.so)!
06-17 22:32:29.960   376   376 I SoftAAC2: RingBufferSize = 131072
06-17 22:32:29.965   376  1931 E OMXNodeInstance: getParameter(17800ad:google.aac.decoder, ??(0x7f200406)) ERROR: UnsupportedIndex(0x8000101a)
06-17 22:32:29.966   376  1938 E OMXNodeInstance: setParameter(17800ad:google.aac.decoder, ??(0x7f00002a)) ERROR: UnsupportedIndex(0x8000101a)
06-17 22:32:29.974   376 21544 I hexdump : 00000000:  12 08                                             ..
06-17 22:32:29.978   376 21544 I SoftAAC2: Reconfiguring decoder: 0->44100 Hz, 0->1 channels
06-17 22:32:29.984   376 21544 I SoftAAC2: discard 1685 samples at the beginning(outputDelay = 1685, compensated = 0)
06-17 22:32:30.012   376  1933 I OMXMaster: makeComponentInstance(OMX.MTK.VIDEO.DECODER.AVC) in mediacodec process
06-17 22:32:30.027   376  1933 I MJC_LOG : gu1IsMJCDriverRegistered (0)
06-17 22:32:30.027   376  1933 I MJC_LOG : Successfully registered MJC Driver
06-17 22:32:30.038   376  1931 E MtkOmxVdecEx: [0xf0be8800] MtkOmxVdec::GetExtensionIndex Unknown parameter name: OMX.google.android.index.configureVideoTunnelMode
06-17 22:32:30.038   376  1931 E MtkOmxVdecEx: [0xf0be8800] MtkOmxVdec::GetExtensionIndex Unknown parameter name: OMX.google.android.index.useAndroidNativeBuffer2
06-17 22:32:30.041   376  1938 E OMXNodeInstance: getConfig(17800ae:MTK.DECODER.AVC, ConfigCommonOutputCrop(0x700000f)) ERROR: BadParameter(0x80001005)
06-17 22:32:30.079   376  1519 E OMXNodeInstance: setParameter(17800ae:MTK.DECODER.AVC, ParamPortDefinition(0x2000001)) ERROR: BadParameter(0x80001005)
06-17 22:32:30.079   376  1938 E OMXNodeInstance: setParameter(17800ae:MTK.DECODER.AVC, ParamPortDefinition(0x2000001)) ERROR: BadParameter(0x80001005)
06-17 22:32:30.080   376   486 E OMXNodeInstance: setParameter(17800ae:MTK.DECODER.AVC, ParamPortDefinition(0x2000001)) ERROR: BadParameter(0x80001005)
06-17 22:32:30.081   376  1931 E MtkOmxMVAMgr: [0xf219c658] [ERROR] Can not find MVA from VA: 0xf1f184f0
06-17 22:32:30.102   403   403 E DrmManagerService(Native): isProtectedCallAllowed in uid 10129 spid 3273
06-17 22:32:30.102   403   403 E DrmManagerService(Native): isProtectedCallAllowed out uid 10129 spid 3273, result 0
06-17 22:32:30.102   403   403 E DrmManagerService(Native): isProtectedCallAllowed DrmMtkUtil::isTrustedClient uid 10129 spid 3273, result 0
06-17 22:32:30.103   376 21549 E MJCFramework: MJC init return:0, mDrv(0x00000000)
06-17 22:32:30.103   376 21549 I VDO_LOG : VDEC_DRV_SET_TYPE_SET_OMX_TIDS tid1 = 21548, tid2 = 21549
06-17 22:32:30.103   376 21549 I VDO_LOG : [eValInit] pid = 0x178, driver type = 0x6
06-17 22:32:30.103   376 21549 E VDO_LOG : open OK, VCodec_ValFd=67
06-17 22:32:30.104   376 21549 I VDO_LOG : [eHalEMICtrl] VideoDecodeCodec_Set(BWCVT_H264)
06-17 22:32:30.105   403 11942 E DrmManagerService(Native): isProtectedCallAllowed in uid 10129 spid 3273
06-17 22:32:30.105   403 11942 E DrmManagerService(Native): isProtectedCallAllowed out uid 10129 spid 3273, result 0
06-17 22:32:30.106   403 11942 E DrmManagerService(Native): isProtectedCallAllowed DrmMtkUtil::isTrustedClient uid 10129 spid 3273, result 0
06-17 22:32:30.106   376 21549 I VDO_LOG : [eHalEMICtrl]Profile_Change(BWCPT_VIDEO_PLAYBACK, true)
06-17 22:32:30.107   376 21549 I BWC     : Profile_Change:[BWCPT_VIDEO_PLAYBACK]:ON,current concurrency is 0x80,DDR=LPDDR3_1800,EMI scenario=CON_SCE_VP4K ON
06-17 22:32:30.108   407   513 I MPEG4Extractor: chunk: free @ 24, chunkSize:136
06-17 22:32:30.108   407   513 I MPEG4Extractor: chunk: mdat @ 160, chunkSize:754653
06-17 22:32:30.109   376 21549 I VDO_LOG : Vdec_Drv_H264_init, not SEC DEC. 
06-17 22:32:30.109   376 21549 E VDO_LOG : ***iDataSize 112,mTeeType 0
06-17 22:32:30.111   376 21549 E VDO_LOG : u4LevelIdc 31
06-17 22:32:30.111   376 21549 E VDO_LOG : [Warning] profile: 100, level: 31, bDirect8x8InferenceFlag should be 1 (0) 
06-17 22:32:30.111   376 21549 E VDO_LOG : u4LevelIdc 31
06-17 22:32:30.111   376 21549 E VDO_LOG : u4FrameTsInterval value is 0x8256, u4FrameTimingInfo 0x770b
06-17 22:32:30.111   376 21549 E VDO_LOG : MAX W:4096, H:3136, u4MaxFixedBufWidth=4096, u4MaxFixedBufHeight=3136
06-17 22:32:30.112   376 21549 I VDO_LOG : vdec_drv_h264_decode, u4LevelIdc 31
06-17 22:32:30.112   376 21549 E VDO_LOG : [Debug] getDpbSize final u4DpbSize (11)!!
06-17 22:32:30.119   376 21549 I VDO_LOG : [info]use default bitsteam buff size 4.00
06-17 22:32:30.142   376 21549 E VDO_LOG : [Info, h264_dec_init] u4Width 544, u4Height 736, u4PicWidth 544, u4PicHeight 720, u4BitDepthLuma 8, u4BitDepthChroma 8
06-17 22:32:30.142   376 21549 I VDO_LOG : DrvEnablePerfService eng = 0
06-17 22:32:30.143   376 21549 I PerfService: PerfServiceNative_userRegScn: (pid:376, tid:21549)
06-17 22:32:30.147   376 21549 I VDO_LOG : eVDecDrvInit  perfUserRegScn handle 35
06-17 22:32:30.147   376 21549 I PerfService: PerfServiceNative_userRegScnConfig: handle:35, cmd:19, p1:0, p2:0, p3:0, p4:0
06-17 22:32:30.148   376 21549 I PerfService: PerfServiceNative_userRegScnConfig: handle:35, cmd:0, p1:3, p2:0, p3:0, p4:0
06-17 22:32:30.148   376 21549 I PerfService: PerfServiceNative_userRegScnConfig: handle:35, cmd:2, p1:0, p2:3, p3:0, p4:0
06-17 22:32:30.149   376 21549 I PerfService: PerfServiceNative_userRegScnConfig: handle:35, cmd:16, p1:2, p2:0, p3:0, p4:0
06-17 22:32:30.149   376 21549 I VDO_LOG : eVDecDrvInit  perfUserRegScnConfig LL only
06-17 22:32:30.149   376 21549 I PerfService: PerfServiceNative_userRegScnConfig: handle:35, cmd:12, p1:559000, p2:0, p3:0, p4:0
06-17 22:32:30.149   376 21549 I PerfService: PerfServiceNative_userRegScnConfig: handle:35, cmd:13, p1:80000, p2:0, p3:0, p4:0
06-17 22:32:30.150   376 21549 I PerfService: PerfServiceNative_userRegScnConfig: handle:35, cmd:14, p1:20000, p2:0, p3:0, p4:0
06-17 22:32:30.152   376 21549 I VDO_LOG : eVDecDrvInit  perfUserRegScnConfig slow rise quick fall
06-17 22:32:30.152   376 21549 I PerfService: PerfServiceNative_userEnableAsync:35
06-17 22:32:30.156   376 21549 I VDO_LOG : eVDecDrvInit perfService_Enable handle 35
06-17 22:32:30.156   376 21549 I VDO_LOG : VDEC_DRV_SET_TYPE_SET_CODEC_COLOR_FORAMT Format = 0x2
06-17 22:32:30.156   376 21549 I VDO_LOG : VDEC_DRV_SET_TYPE_SET_CODEC_YUV_STRIDE YStride = 16, u4UVStride = 8
06-17 22:32:30.156   376 21549 E VDO_LOG : [DEBUG] VDEC_DRV_GET_TYPE_QUERY_VIDEO_DPB_SIZE 11
06-17 22:32:30.156   376 21549 E VDO_LOG : [DEBUG] VDEC_DRV_GET_TYPE_QUERY_VIDEO_DPB_SIZE 11
06-17 22:32:30.156   376 21549 I VDO_LOG : [DEBUG] u4CropLeft 0 u4CropTop 0 u4CropRight 539 u4CropBottom 713
06-17 22:32:30.159   376  1938 I VDO_LOG : [DEBUG] u4CropLeft 0 u4CropTop 0 u4CropRight 539 u4CropBottom 713
06-17 22:32:30.163   376 21548 E MtkOmxMVAMgr: [0xf219c658] [ERROR] Can not find MVA from VA: 0x0
06-17 22:32:30.163   376 21548 E MtkOmxMVAMgr: [0xf219c658] [ERROR] Can not find MVA from VA: 0x0
06-17 22:32:30.163   376 21548 E MtkOmxMVAMgr: [0xf219c658] [ERROR] Can not find MVA from VA: 0x0
06-17 22:32:30.170   376  1938 E OMXNodeInstance: setParameter(17800ae:MTK.DECODER.AVC, ParamPortDefinition(0x2000001)) ERROR: BadParameter(0x80001005)
06-17 22:32:30.171   376   486 E OMXNodeInstance: setParameter(17800ae:MTK.DECODER.AVC, ParamPortDefinition(0x2000001)) ERROR: BadParameter(0x80001005)
06-17 22:32:30.171   376  1933 E OMXNodeInstance: setParameter(17800ae:MTK.DECODER.AVC, ParamPortDefinition(0x2000001)) ERROR: BadParameter(0x80001005)
06-17 22:32:30.173   376  1931 E MtkOmxMVAMgr: [0xf219c658] [ERROR] Can not find MVA from VA: 0xf1f18540
06-17 22:32:30.173   376  1931 E MtkOmxMVAMgr: [0xf219c658] [ERROR] Can not find MVA from VA: 0xf1f18540
06-17 22:32:30.174   376  1519 E MtkOmxMVAMgr: [0xf219c658] [ERROR] Can not find MVA from VA: 0xf0f9c720
06-17 22:32:30.174   376  1938 E MtkOmxMVAMgr: [0xf219c658] [ERROR] Can not find MVA from VA: 0xf0f9c7c0
06-17 22:32:30.175   376   486 E MtkOmxMVAMgr: [0xf219c658] [ERROR] Can not find MVA from VA: 0xf1f18530
06-17 22:32:30.175   376   486 E MtkOmxMVAMgr: [0xf219c658] [ERROR] Can not find MVA from VA: 0xf1f185f0
06-17 22:32:30.176   376   376 E MtkOmxMVAMgr: [0xf219c658] [ERROR] Can not find MVA from VA: 0xf1f18450
06-17 22:32:30.176   376  1931 E MtkOmxMVAMgr: [0xf219c658] [ERROR] Can not find MVA from VA: 0xf1f18640
06-17 22:32:30.177   376  1519 E MtkOmxMVAMgr: [0xf219c658] [ERROR] Can not find MVA from VA: 0xf0f9c870
06-17 22:32:30.177   376  1938 E MtkOmxMVAMgr: [0xf219c658] [ERROR] Can not find MVA from VA: 0xf0f9c8d0
06-17 22:32:30.177   376  1933 E MtkOmxMVAMgr: [0xf219c658] [ERROR] Can not find MVA from VA: 0xf1f184f0
06-17 22:32:30.178   407   513 I MediaExtractor: Autodetected media content as 'video/mp4' with confidence 0.90
06-17 22:32:30.178   376   486 E MtkOmxMVAMgr: [0xf219c658] [ERROR] Can not find MVA from VA: 0xf1f18670
06-17 22:32:30.178   376   376 E MtkOmxMVAMgr: [0xf219c658] [ERROR] Can not find MVA from VA: 0xf0f9c8f0
06-17 22:32:30.179   376  1931 E MtkOmxMVAMgr: [0xf219c658] [ERROR] Can not find MVA from VA: 0xf1f186c0
06-17 22:32:30.179   376  1931 E MtkOmxMVAMgr: [0xf219c658] [ERROR] Can not find MVA from VA: 0xf1f18700
06-17 22:32:30.180   376  1938 E MtkOmxMVAMgr: [0xf219c658] [ERROR] Can not find MVA from VA: 0xf0f9c950
06-17 22:32:30.180   407  1405 I SampleTableExt: There are reordered frames present.
06-17 22:32:30.180   376  1933 E MtkOmxMVAMgr: [0xf219c658] [ERROR] Can not find MVA from VA: 0xf0f9c990
06-17 22:32:30.182   376 21549 E VDO_LOG : u4LevelIdc 31
06-17 22:32:30.183   376 21549 E VDO_LOG : [Warning] profile: 100, level: 31, bDirect8x8InferenceFlag should be 1 (0) 
06-17 22:32:30.183   376 21549 E VDO_LOG : u4LevelIdc 31
06-17 22:32:30.183   376 21549 I VDO_LOG : vdec_drv_h264_decode, u4LevelIdc 31
06-17 22:32:30.183   376 21549 E VDO_LOG : [Debug] getDpbSize final u4DpbSize (11)!!
06-17 22:32:30.183   376 21549 I VDO_LOG : handleSPSNALU() 2 u4LevelIdc 31
06-17 22:32:30.267   376 21552 E MJCFramework: [0][1] BP 4 invaid drv param, IFR: 0, FMT: 1
06-17 22:32:30.267   376 21552 E MJCFramework: [0][1] Drv is NULL. BP
06-17 22:32:31.271   376 21552 I VDO_LOG : DrvSetSCNOn-> width:544, height:736, fps:30
06-17 22:32:38.508   376 21549 I         : sem_wait nWaitMilliSec : 100
06-17 22:32:38.582   376 21544 I SoftAAC2: input eos, length=0
06-17 22:32:38.582   376 21544 I SoftAAC2: EBD: inHeader->nFilledLen == 0
06-17 22:32:38.735   376 21552 E MJCFramework: [0][17] BP 4 invaid drv param, IFR: 0, FMT: 1
06-17 22:32:38.735   376 21552 E MJCFramework: [0][17] Drv is NULL. BP
06-17 22:32:38.747   376 21552 E MJCFramework: [0][1] BP 4 invaid drv param, IFR: 0, FMT: 1
06-17 22:32:38.747   376 21552 E MJCFramework: [0][1] Drv is NULL. BP
06-17 22:32:38.826   376 21544 I SoftAAC2: discard 1024 samples at the beginning(outputDelay = 1685, compensated = 0)
06-17 22:32:38.828   376 21544 I SoftAAC2: discard 661 samples at the beginning(outputDelay = 1685, compensated = 1024)
06-17 22:32:40.658   376 21549 E VDO_LOG : pFrame is NULL 0x00000000
06-17 22:32:40.658   376 21549 E VDO_LOG : pFrame is NULL 0x00000000
06-17 22:32:40.658   376 21549 E VDO_LOG : pFrame is NULL 0x00000000
06-17 22:32:40.659   376 21549 E VDO_LOG : pFrame is NULL 0x00000000
06-17 22:32:40.659   376 21549 E VDO_LOG : pFrame is NULL 0x00000000
06-17 22:32:40.659   376 21549 E VDO_LOG : pFrame is NULL 0x00000000
06-17 22:32:40.659   376 21549 E VDO_LOG : pFrame is NULL 0x00000000
06-17 22:32:40.659   376 21549 E VDO_LOG : pFrame is NULL 0x00000000
06-17 22:32:40.670   376 21552 E MJCFramework: [0][17] BP 4 invaid drv param, IFR: 0, FMT: 1
06-17 22:32:40.671   376 21552 E MJCFramework: [0][17] Drv is NULL. BP
06-17 22:32:40.681   376 21552 E MJCFramework: [0][17] BP 4 invaid drv param, IFR: 0, FMT: 1
06-17 22:32:40.681   376 21552 E MJCFramework: [0][17] Drv is NULL. BP
06-17 22:32:40.691   376 21552 E MJCFramework: [0][17] BP 4 invaid drv param, IFR: 0, FMT: 1
06-17 22:32:40.691   376 21552 E MJCFramework: [0][17] Drv is NULL. BP
06-17 22:32:40.692   376 21548 E MtkOmxMVAMgr: [0xf219c658] [ERROR] Can not find MVA from VA: 0x0
06-17 22:32:40.692   376 21548 E MtkOmxMVAMgr: [0xf219c658] [ERROR] Can not find MVA from VA: 0x0
06-17 22:32:40.692   376 21548 E MtkOmxMVAMgr: [0xf219c658] [ERROR] Can not find MVA from VA: 0x0
06-17 22:32:40.692   376 21548 E MtkOmxMVAMgr: [0xf219c658] [ERROR] Can not find MVA from VA: 0x0
06-17 22:32:40.692   376 21548 E MtkOmxMVAMgr: [0xf219c658] [ERROR] Can not find MVA from VA: 0x0
06-17 22:32:40.692   376 21548 E MtkOmxMVAMgr: [0xf219c658] [ERROR] Can not find MVA from VA: 0x0
06-17 22:32:40.692   376 21548 E MtkOmxMVAMgr: [0xf219c658] [ERROR] Can not find MVA from VA: 0x0
06-17 22:32:40.692   376 21548 E MtkOmxMVAMgr: [0xf219c658] [ERROR] Can not find MVA from VA: 0x0
06-17 22:32:40.692   376 21548 E MtkOmxMVAMgr: [0xf219c658] [ERROR] Can not find MVA from VA: 0x0
06-17 22:32:40.692   376 21548 E MtkOmxMVAMgr: [0xf219c658] [ERROR] Can not find MVA from VA: 0x0
06-17 22:32:40.692   376 21548 E MtkOmxMVAMgr: [0xf219c658] [ERROR] Can not find MVA from VA: 0x0
06-17 22:32:40.692   376 21548 E MtkOmxMVAMgr: [0xf219c658] [ERROR] Can not find MVA from VA: 0x0
06-17 22:32:40.692   376 21548 E MtkOmxMVAMgr: [0xf219c658] [ERROR] Can not find MVA from VA: 0x0
06-17 22:32:40.692   376 21548 E MtkOmxMVAMgr: [0xf219c658] [ERROR] Can not find MVA from VA: 0x0
06-17 22:32:40.693   376 21548 I PerfService: PerfServiceNative_userDisable:35
06-17 22:32:40.693   376 21548 I VDO_LOG : eVDecDrvDeInit perfService_Disable handle 35
06-17 22:32:40.693   376 21548 I PerfService: PerfServiceNative_userUnregScn: handle:35
06-17 22:32:40.693   376 21548 I VDO_LOG : eVDecDrvDeInit perfUserUnregScn handle 35
06-17 22:32:40.694   376 21548 I VDO_LOG : eVDecDrvDeInit  unlock freq
06-17 22:32:40.695   376 21548 I VDO_LOG : [eHalEMICtrl]Profile_Change(BWCPT_VIDEO_PLAYBACK, false)
06-17 22:32:40.695   376 21548 I BWC     : Profile_Change:[BWCPT_VIDEO_PLAYBACK]:OFF,current concurrency is 0x0,DDR=LPDDR3_1800,EMI scenario=CON_SCE_VP4K OFF
06-17 22:32:40.702   376 21552 E MJCFramework: [0][1] BP 4 invaid drv param, IFR: 0, FMT: 1
06-17 22:32:40.702   376 21552 E MJCFramework: [0][1] Drv is NULL. BP
06-17 22:32:40.718   376   486 I MJC_LOG : Successfully unregistered MJC Driver
06-17 22:32:40.718   376 21552 E MJCFramework: [0][1] BP 4 invaid drv param, IFR: 0, FMT: 1
06-17 22:32:40.718   376 21552 E MJCFramework: [0][1] Drv is NULL. BP
06-17 22:32:40.732   376  1933 I SoftAAC2: onReset
06-17 22:32:40.735   376  1519 E SoftOMXPlugin: destroy component instance, need dlclose()!
06-17 22:32:40.815   403  1403 E DrmManagerService(Native): isProtectedCallAllowed in uid 1013 spid 408
06-17 22:32:40.815   403  1403 E DrmManagerService(Native): isProtectedCallAllowed out uid 1013 spid 408, result 1
06-17 22:32:40.815   403  1403 E DrmManagerService(Native): isProtectedCallAllowed DrmMtkUtil::isTrustedClient uid 1013 spid 408, result 1
06-17 22:32:40.816   403  1403 E DrmCtaPlugIn: [ERROR]onOpenDecryptSession - The key is not set by user
06-17 22:32:40.817   403  1403 E DrmMtkUtil/DrmUtil: parseDcf: not dcf type, dcf version value [0]
06-17 22:32:40.817   403  1403 E DrmMtkPlugIn: onOpenDecryptSession() : failed to parse dcf file.
06-17 22:32:40.821   403   403 E DrmManagerService(Native): isProtectedCallAllowed in uid 1013 spid 408
06-17 22:32:40.821   403   403 E DrmManagerService(Native): isProtectedCallAllowed out uid 1013 spid 408, result 1
06-17 22:32:40.821   403   403 E DrmManagerService(Native): isProtectedCallAllowed DrmMtkUtil::isTrustedClient uid 1013 spid 408, result 1
06-17 22:32:40.821   403   403 E DrmCtaPlugIn: [ERROR]onOpenDecryptSession - The key is not set by user
06-17 22:32:40.821   403   403 E DrmMtkUtil/DrmUtil: parseDcf: not dcf type, dcf version value [0]
06-17 22:32:40.821   403   403 E DrmMtkPlugIn: onOpenDecryptSession() : failed to parse dcf file.
06-17 22:32:40.822   407   407 I MPEG4Extractor: chunk: free @ 24, chunkSize:136
06-17 22:32:40.822   407   407 I MPEG4Extractor: chunk: mdat @ 160, chunkSize:754653
06-17 22:32:40.826   403 11943 E DrmManagerService(Native): isProtectedCallAllowed in uid 1013 spid 408
06-17 22:32:40.826   403 11943 E DrmManagerService(Native): isProtectedCallAllowed out uid 1013 spid 408, result 1
06-17 22:32:40.826   403 11943 E DrmManagerService(Native): isProtectedCallAllowed DrmMtkUtil::isTrustedClient uid 1013 spid 408, result 1
06-17 22:32:40.826   403 11943 E DrmCtaPlugIn: [ERROR]onOpenDecryptSession - The key is not set by user
06-17 22:32:40.826   403 11943 E DrmMtkUtil/DrmUtil: parseDcf: not dcf type, dcf version value [0]
06-17 22:32:40.826   403 11943 E DrmMtkPlugIn: onOpenDecryptSession() : failed to parse dcf file.
06-17 22:32:40.827   403 11943 E DrmManagerService(Native): isProtectedCallAllowed in uid 1013 spid 408
06-17 22:32:40.827   403 11943 E DrmManagerService(Native): isProtectedCallAllowed out uid 1013 spid 408, result 1
06-17 22:32:40.827   403 11943 E DrmManagerService(Native): isProtectedCallAllowed DrmMtkUtil::isTrustedClient uid 1013 spid 408, result 1
06-17 22:32:40.827   403 11943 E DrmCtaPlugIn: [ERROR]onOpenDecryptSession - The key is not set by user
06-17 22:32:40.828   403 11943 E DrmMtkUtil/DrmUtil: parseDcf: not dcf type, dcf version value [0]
06-17 22:32:40.828   403 11943 E DrmMtkPlugIn: onOpenDecryptSession() : failed to parse dcf file.
06-17 22:32:40.828   407  1407 I MPEG4Extractor: chunk: free @ 24, chunkSize:136
06-17 22:32:40.828   407  1407 I MPEG4Extractor: chunk: mdat @ 160, chunkSize:754653
06-17 22:32:40.872   407   407 I MediaExtractor: Autodetected media content as 'video/mp4' with confidence 0.90
06-17 22:32:40.873   407   513 I SampleTableExt: There are reordered frames present.
06-17 22:32:40.877   407  1407 I MediaExtractor: Autodetected media content as 'video/mp4' with confidence 0.90
06-17 22:32:40.878   407   513 I SampleTableExt: There are reordered frames present.
06-17 22:35:48.936   403   653 E DrmManagerService(Native): isProtectedCallAllowed in uid 10031 spid 22472
06-17 22:35:48.936   403   653 E DrmManagerService(Native): isProtectedCallAllowed out uid 10031 spid 22472, result 0
06-17 22:35:48.937   403   653 E DrmManagerService(Native): isProtectedCallAllowed DrmMtkUtil::isTrustedClient uid 10031 spid 22472, result 0
06-17 22:35:48.943   403  1403 E DrmManagerService(Native): isProtectedCallAllowed in uid 10031 spid 22472
06-17 22:35:48.943   403  1403 E DrmManagerService(Native): isProtectedCallAllowed out uid 10031 spid 22472, result 0
06-17 22:35:48.943   403  1403 E DrmManagerService(Native): isProtectedCallAllowed DrmMtkUtil::isTrustedClient uid 10031 spid 22472, result 0
06-17 22:35:48.959   407   407 I MediaExtractor: Autodetected media content as 'application/ogg' with confidence 0.20
06-17 22:35:48.972   407   407 E OggExtractor: failed to read 27 bytes at offset 0x00000000001f3b, got 0 bytes
06-17 22:35:48.992   376  1938 I OMXMaster: makeComponentInstance(OMX.google.vorbis.decoder) in mediacodec process
06-17 22:35:48.992   376  1938 E SoftOMXPlugin: make component instance, need dlopen(libstagefright_soft_vorbisdec.so)!
06-17 22:35:49.002   376  1938 E OMXNodeInstance: setParameter(17800af:google.vorbis.decoder, ParamAudioPcm(0x4000002)) ERROR: UnsupportedIndex(0x8000101a)
06-17 22:35:49.005   376  1931 E OMXNodeInstance: getParameter(17800af:google.vorbis.decoder, ??(0x7f200406)) ERROR: UnsupportedIndex(0x8000101a)
06-17 22:35:49.005   376  1938 E OMXNodeInstance: setParameter(17800af:google.vorbis.decoder, ??(0x7f00002a)) ERROR: UnsupportedIndex(0x8000101a)
06-17 22:35:49.029   407   407 E OggExtractor: failed to read 27 bytes at offset 0x00000000001f3b, got 0 bytes
06-17 22:35:49.029   407   407 E OggExtractor: readPage returned -1011
06-17 22:35:49.035   376  1938 E SoftOMXPlugin: destroy component instance, need dlclose()!
06-17 22:35:49.037   403   403 E DrmManagerService(Native): isProtectedCallAllowed in uid 10031 spid 22472
06-17 22:35:49.037   403   403 E DrmManagerService(Native): isProtectedCallAllowed out uid 10031 spid 22472, result 0
06-17 22:35:49.038   403   403 E DrmManagerService(Native): isProtectedCallAllowed DrmMtkUtil::isTrustedClient uid 10031 spid 22472, result 0
06-17 22:35:49.039   403 11942 E DrmManagerService(Native): isProtectedCallAllowed in uid 10031 spid 22472
06-17 22:35:49.039   403 11942 E DrmManagerService(Native): isProtectedCallAllowed out uid 10031 spid 22472, result 0
06-17 22:35:49.039   403 11942 E DrmManagerService(Native): isProtectedCallAllowed DrmMtkUtil::isTrustedClient uid 10031 spid 22472, result 0
06-17 22:35:49.046   407   407 I MediaExtractor: Autodetected media content as 'application/ogg' with confidence 0.20
06-17 22:35:49.049   407   407 E OggExtractor: failed to read 27 bytes at offset 0x00000000001f3b, got 0 bytes
06-17 22:35:49.054   376   486 I OMXMaster: makeComponentInstance(OMX.google.vorbis.decoder) in mediacodec process
06-17 22:35:49.054   376   486 E SoftOMXPlugin: make component instance, need dlopen(libstagefright_soft_vorbisdec.so)!
06-17 22:35:49.057   376   486 E OMXNodeInstance: setParameter(17800b0:google.vorbis.decoder, ParamAudioPcm(0x4000002)) ERROR: UnsupportedIndex(0x8000101a)
06-17 22:35:49.060   376  1933 E OMXNodeInstance: getParameter(17800b0:google.vorbis.decoder, ??(0x7f200406)) ERROR: UnsupportedIndex(0x8000101a)
06-17 22:35:49.060   376   376 E OMXNodeInstance: setParameter(17800b0:google.vorbis.decoder, ??(0x7f00002a)) ERROR: UnsupportedIndex(0x8000101a)
06-17 22:35:49.083   407   407 E OggExtractor: failed to read 27 bytes at offset 0x00000000001f3b, got 0 bytes
06-17 22:35:49.083   407   407 E OggExtractor: readPage returned -1011
06-17 22:35:49.090   376  1519 E SoftOMXPlugin: destroy component instance, need dlclose()!
06-17 22:46:47.911   403 11943 E DrmManagerService(Native): isProtectedCallAllowed in uid 1000 spid 23963
06-17 22:46:47.911   403 11943 E DrmManagerService(Native): isProtectedCallAllowed out uid 1000 spid 23963, result 1
06-17 22:46:47.911   403 11943 E DrmManagerService(Native): isProtectedCallAllowed DrmMtkUtil::isTrustedClient uid 1000 spid 23963, result 1
06-17 22:46:47.913   403 11943 E DrmCtaPlugIn: [ERROR]onOpenDecryptSession - The key is not set by user
06-17 22:46:47.913   403 11943 E DrmMtkUtil/DrmUtil: parseDcf: not dcf type, dcf version value [80]
06-17 22:46:47.913   403 11943 E DrmMtkPlugIn: onOpenDecryptSession() : failed to parse dcf file.
06-17 22:46:47.924   403   653 E DrmManagerService(Native): isProtectedCallAllowed in uid 1000 spid 23963
06-17 22:46:47.924   403   653 E DrmManagerService(Native): isProtectedCallAllowed out uid 1000 spid 23963, result 1
06-17 22:46:47.924   403   653 E DrmManagerService(Native): isProtectedCallAllowed DrmMtkUtil::isTrustedClient uid 1000 spid 23963, result 1
06-17 22:46:47.924   403   653 E DrmCtaPlugIn: [ERROR]onOpenDecryptSession - The key is not set by user
06-17 22:46:47.924   403   653 E DrmMtkUtil/DrmUtil: parseDcf: not dcf type, dcf version value [80]
06-17 22:46:47.924   403   653 E DrmMtkPlugIn: onOpenDecryptSession() : failed to parse dcf file.
06-17 22:46:47.939   407   407 I MediaExtractor: Autodetected media content as 'audio/ext-mpeg' with confidence 0.25
06-17 22:46:47.939   407   407 I MZ MP3Extractor: new mz MP3Extractor +++
06-17 22:46:47.954   407   407 I MZ MP3Extractor: new mz MP3Extractor ---
06-17 22:46:47.976   376  1931 I OMXMaster: makeComponentInstance(OMX.MTK.AUDIO.DECODER.MP3) in mediacodec process
06-17 22:46:47.994   376   486 E MtkOmxAudioDecBase: GetParameter unsupported nParamIndex
06-17 22:46:47.994   376   486 E OMXNodeInstance: getParameter(17800b1:MTK.DECODER.MP3, ??(0x7f200406)) ERROR: UnsupportedIndex(0x8000101a)
06-17 22:46:47.995   376  1933 E MtkOmxAudioDecBase: MtkOmxAudioDecBase:SetParameter unsupported nParamIndex(0x7F00002A)
06-17 22:46:47.995   376  1933 E OMXNodeInstance: setParameter(17800b1:MTK.DECODER.MP3, ??(0x7f00002a)) ERROR: UnsupportedIndex(0x8000101a)
06-17 22:46:48.051   407  1407 E MZ MP3Extractor: Unable to resync. Signalling end of stream.
06-17 22:46:48.066   403  1403 E DrmManagerService(Native): isProtectedCallAllowed in uid 1000 spid 23963
06-17 22:46:48.066   403  1403 E DrmManagerService(Native): isProtectedCallAllowed out uid 1000 spid 23963, result 1
06-17 22:46:48.066   403  1403 E DrmManagerService(Native): isProtectedCallAllowed DrmMtkUtil::isTrustedClient uid 1000 spid 23963, result 1
06-17 22:46:48.066   403  1403 E DrmCtaPlugIn: [ERROR]onOpenDecryptSession - The key is not set by user
06-17 22:46:48.066   403  1403 E DrmMtkUtil/DrmUtil: parseDcf: not dcf type, dcf version value [80]
06-17 22:46:48.067   403  1403 E DrmMtkPlugIn: onOpenDecryptSession() : failed to parse dcf file.
06-17 22:46:48.071   403   403 E DrmManagerService(Native): isProtectedCallAllowed in uid 1000 spid 23963
06-17 22:46:48.071   403   403 E DrmManagerService(Native): isProtectedCallAllowed out uid 1000 spid 23963, result 1
06-17 22:46:48.071   403   403 E DrmManagerService(Native): isProtectedCallAllowed DrmMtkUtil::isTrustedClient uid 1000 spid 23963, result 1
06-17 22:46:48.071   403   403 E DrmCtaPlugIn: [ERROR]onOpenDecryptSession - The key is not set by user
06-17 22:46:48.071   403   403 E DrmMtkUtil/DrmUtil: parseDcf: not dcf type, dcf version value [80]
06-17 22:46:48.071   403   403 E DrmMtkPlugIn: onOpenDecryptSession() : failed to parse dcf file.
06-17 22:46:48.082   407  1407 I MediaExtractor: Autodetected media content as 'application/ogg' with confidence 0.20
06-17 22:46:48.088   407  1407 E OggExtractor: failed to read 27 bytes at offset 0x00000000002894, got 0 bytes
06-17 22:46:48.094   376  1938 I OMXMaster: makeComponentInstance(OMX.google.vorbis.decoder) in mediacodec process
06-17 22:46:48.094   376  1938 E SoftOMXPlugin: make component instance, need dlopen(libstagefright_soft_vorbisdec.so)!
06-17 22:46:48.096   376  1938 E OMXNodeInstance: setParameter(17800b2:google.vorbis.decoder, ParamAudioPcm(0x4000002)) ERROR: UnsupportedIndex(0x8000101a)
06-17 22:46:48.101   376  1931 E OMXNodeInstance: getParameter(17800b2:google.vorbis.decoder, ??(0x7f200406)) ERROR: UnsupportedIndex(0x8000101a)
06-17 22:46:48.101   376  1938 E OMXNodeInstance: setParameter(17800b2:google.vorbis.decoder, ??(0x7f00002a)) ERROR: UnsupportedIndex(0x8000101a)
06-17 22:46:48.212   407  1407 E OggExtractor: failed to read 27 bytes at offset 0x00000000002894, got 0 bytes
06-17 22:46:48.212   407  1407 E OggExtractor: readPage returned -1011
06-17 22:46:48.220   376   376 E SoftOMXPlugin: destroy component instance, need dlclose()!
06-17 22:46:48.228   403 11942 E DrmManagerService(Native): isProtectedCallAllowed in uid 1000 spid 23963
06-17 22:46:48.228   403 11942 E DrmManagerService(Native): isProtectedCallAllowed out uid 1000 spid 23963, result 1
06-17 22:46:48.228   403 11942 E DrmManagerService(Native): isProtectedCallAllowed DrmMtkUtil::isTrustedClient uid 1000 spid 23963, result 1
06-17 22:46:48.228   403 11942 E DrmCtaPlugIn: [ERROR]onOpenDecryptSession - The key is not set by user
06-17 22:46:48.228   403 11942 E DrmMtkUtil/DrmUtil: parseDcf: not dcf type, dcf version value [80]
06-17 22:46:48.228   403 11942 E DrmMtkPlugIn: onOpenDecryptSession() : failed to parse dcf file.
06-17 22:46:48.232   403 11943 E DrmManagerService(Native): isProtectedCallAllowed in uid 1000 spid 23963
06-17 22:46:48.233   403 11943 E DrmManagerService(Native): isProtectedCallAllowed out uid 1000 spid 23963, result 1
06-17 22:46:48.233   403 11943 E DrmManagerService(Native): isProtectedCallAllowed DrmMtkUtil::isTrustedClient uid 1000 spid 23963, result 1
06-17 22:46:48.233   403 11943 E DrmCtaPlugIn: [ERROR]onOpenDecryptSession - The key is not set by user
06-17 22:46:48.233   403 11943 E DrmMtkUtil/DrmUtil: parseDcf: not dcf type, dcf version value [80]
06-17 22:46:48.233   403 11943 E DrmMtkPlugIn: onOpenDecryptSession() : failed to parse dcf file.
06-17 22:46:48.245   407  1407 I MediaExtractor: Autodetected media content as 'application/ogg' with confidence 0.20
06-17 22:46:48.256   407  1407 E OggExtractor: failed to read 27 bytes at offset 0x00000000002894, got 0 bytes
06-17 22:46:48.269   376  1933 I OMXMaster: makeComponentInstance(OMX.google.vorbis.decoder) in mediacodec process
06-17 22:46:48.269   376  1933 E SoftOMXPlugin: make component instance, need dlopen(libstagefright_soft_vorbisdec.so)!
06-17 22:46:48.275   376  1933 E OMXNodeInstance: setParameter(17800b3:google.vorbis.decoder, ParamAudioPcm(0x4000002)) ERROR: UnsupportedIndex(0x8000101a)
06-17 22:46:48.276   376  1519 E OMXNodeInstance: getParameter(17800b3:google.vorbis.decoder, ??(0x7f200406)) ERROR: UnsupportedIndex(0x8000101a)
06-17 22:46:48.277   376  1933 E OMXNodeInstance: setParameter(17800b3:google.vorbis.decoder, ??(0x7f00002a)) ERROR: UnsupportedIndex(0x8000101a)
06-17 22:46:48.364   407  1407 E OggExtractor: failed to read 27 bytes at offset 0x00000000002894, got 0 bytes
06-17 22:46:48.364   407  1407 E OggExtractor: readPage returned -1011
06-17 22:46:48.369   376  1931 E SoftOMXPlugin: destroy component instance, need dlclose()!
06-17 22:47:16.012   376  1938 E SoftOMXPlugin: destroy component instance, need dlclose()!
06-17 22:47:16.100   403   653 E DrmManagerService(Native): isProtectedCallAllowed in uid 1013 spid 408
06-17 22:47:16.100   403   653 E DrmManagerService(Native): isProtectedCallAllowed out uid 1013 spid 408, result 1
06-17 22:47:16.100   403   653 E DrmManagerService(Native): isProtectedCallAllowed DrmMtkUtil::isTrustedClient uid 1013 spid 408, result 1
06-17 22:47:16.100   403   653 E DrmCtaPlugIn: [ERROR]onOpenDecryptSession - The key is not set by user
06-17 22:47:16.101   403   653 E DrmMtkUtil/DrmUtil: parseDcf: not dcf type, dcf version value [79]
06-17 22:47:16.101   403   653 E DrmMtkPlugIn: onOpenDecryptSession() : failed to parse dcf file.
06-17 22:47:16.103   403  1403 E DrmManagerService(Native): isProtectedCallAllowed in uid 1013 spid 408
06-17 22:47:16.103   403  1403 E DrmManagerService(Native): isProtectedCallAllowed out uid 1013 spid 408, result 1
06-17 22:47:16.103   403  1403 E DrmManagerService(Native): isProtectedCallAllowed DrmMtkUtil::isTrustedClient uid 1013 spid 408, result 1
06-17 22:47:16.104   403  1403 E DrmCtaPlugIn: [ERROR]onOpenDecryptSession - The key is not set by user
06-17 22:47:16.104   403  1403 E DrmMtkUtil/DrmUtil: parseDcf: not dcf type, dcf version value [79]
06-17 22:47:16.104   403  1403 E DrmMtkPlugIn: onOpenDecryptSession() : failed to parse dcf file.
06-17 22:47:16.129   407   513 I MediaExtractor: Autodetected media content as 'application/ogg' with confidence 0.20
06-17 22:47:16.134   407   513 E OggExtractor: failed to read 27 bytes at offset 0x0000000000152c, got 0 bytes
06-17 22:47:16.169   403   403 E DrmManagerService(Native): isProtectedCallAllowed in uid 1013 spid 408
06-17 22:47:16.169   403   403 E DrmManagerService(Native): isProtectedCallAllowed out uid 1013 spid 408, result 1
06-17 22:47:16.169   403   403 E DrmManagerService(Native): isProtectedCallAllowed DrmMtkUtil::isTrustedClient uid 1013 spid 408, result 1
06-17 22:47:16.169   403   403 E DrmCtaPlugIn: [ERROR]onOpenDecryptSession - The key is not set by user
06-17 22:47:16.169   403   403 E DrmMtkUtil/DrmUtil: parseDcf: not dcf type, dcf version value [79]
06-17 22:47:16.169   403   403 E DrmMtkPlugIn: onOpenDecryptSession() : failed to parse dcf file.
06-17 22:47:16.172   403 11942 E DrmManagerService(Native): isProtectedCallAllowed in uid 1013 spid 408
06-17 22:47:16.172   403 11942 E DrmManagerService(Native): isProtectedCallAllowed out uid 1013 spid 408, result 1
06-17 22:47:16.172   403 11942 E DrmManagerService(Native): isProtectedCallAllowed DrmMtkUtil::isTrustedClient uid 1013 spid 408, result 1
06-17 22:47:16.172   403 11942 E DrmCtaPlugIn: [ERROR]onOpenDecryptSession - The key is not set by user
06-17 22:47:16.172   403 11942 E DrmMtkUtil/DrmUtil: parseDcf: not dcf type, dcf version value [79]
06-17 22:47:16.172   403 11942 E DrmMtkPlugIn: onOpenDecryptSession() : failed to parse dcf file.
06-17 22:47:16.180   407  1405 I MediaExtractor: Autodetected media content as 'application/ogg' with confidence 0.20
06-17 22:47:16.184   407  1405 E OggExtractor: failed to read 27 bytes at offset 0x0000000000152c, got 0 bytes
06-17 22:47:16.204   407  1405 E OggExtractor: failed to read 27 bytes at offset 0x0000000000152c, got 0 bytes
06-17 22:47:16.204   407  1405 E OggExtractor: readPage returned -1011
06-17 22:47:16.215   376  1519 I OMXMaster: makeComponentInstance(OMX.google.vorbis.decoder) in mediacodec process
06-17 22:47:16.215   376  1519 E SoftOMXPlugin: make component instance, need dlopen(libstagefright_soft_vorbisdec.so)!
06-17 22:47:16.231   376  1519 E OMXNodeInstance: setParameter(17800b4:google.vorbis.decoder, ParamAudioPcm(0x4000002)) ERROR: UnsupportedIndex(0x8000101a)
06-17 22:47:16.231   376   376 E OMXNodeInstance: setConfig(17800b4:google.vorbis.decoder, ConfigPriority(0x6f800002)) ERROR: Undefined(0x80001001)
06-17 22:47:16.233   376  1519 E OMXNodeInstance: getParameter(17800b4:google.vorbis.decoder, ??(0x7f200406)) ERROR: UnsupportedIndex(0x8000101a)
06-17 22:47:16.233   376   376 E OMXNodeInstance: setParameter(17800b4:google.vorbis.decoder, ??(0x7f00002a)) ERROR: UnsupportedIndex(0x8000101a)
06-17 22:47:52.892   376  1938 E SoftOMXPlugin: destroy component instance, need dlclose()!
06-17 22:47:52.908   403 11943 E DrmManagerService(Native): isProtectedCallAllowed in uid 1013 spid 408
06-17 22:47:52.909   403 11943 E DrmManagerService(Native): isProtectedCallAllowed out uid 1013 spid 408, result 1
06-17 22:47:52.909   403 11943 E DrmManagerService(Native): isProtectedCallAllowed DrmMtkUtil::isTrustedClient uid 1013 spid 408, result 1
06-17 22:47:52.909   403 11943 E DrmCtaPlugIn: [ERROR]onOpenDecryptSession - The key is not set by user
06-17 22:47:52.909   403 11943 E DrmMtkUtil/DrmUtil: parseDcf: not dcf type, dcf version value [79]
06-17 22:47:52.909   403 11943 E DrmMtkPlugIn: onOpenDecryptSession() : failed to parse dcf file.
06-17 22:47:52.932   403   653 E DrmManagerService(Native): isProtectedCallAllowed in uid 1013 spid 408
06-17 22:47:52.932   403   653 E DrmManagerService(Native): isProtectedCallAllowed out uid 1013 spid 408, result 1
06-17 22:47:52.932   403   653 E DrmManagerService(Native): isProtectedCallAllowed DrmMtkUtil::isTrustedClient uid 1013 spid 408, result 1
06-17 22:47:52.932   403   653 E DrmCtaPlugIn: [ERROR]onOpenDecryptSession - The key is not set by user
06-17 22:47:52.932   403   653 E DrmMtkUtil/DrmUtil: parseDcf: not dcf type, dcf version value [79]
06-17 22:47:52.932   403   653 E DrmMtkPlugIn: onOpenDecryptSession() : failed to parse dcf file.
06-17 22:47:52.961   407   513 I MediaExtractor: Autodetected media content as 'application/ogg' with confidence 0.20
06-17 22:47:52.970   407   513 E OggExtractor: failed to read 27 bytes at offset 0x0000000000152c, got 0 bytes
06-17 22:47:52.983   407   513 E OggExtractor: failed to read 27 bytes at offset 0x0000000000152c, got 0 bytes
06-17 22:47:52.983   407   513 E OggExtractor: readPage returned -1011
06-17 22:47:53.000   376   486 I OMXMaster: makeComponentInstance(OMX.google.vorbis.decoder) in mediacodec process
06-17 22:47:53.000   376   486 E SoftOMXPlugin: make component instance, need dlopen(libstagefright_soft_vorbisdec.so)!
06-17 22:47:53.006   376  1931 E OMXNodeInstance: setParameter(17800b5:google.vorbis.decoder, ParamAudioPcm(0x4000002)) ERROR: UnsupportedIndex(0x8000101a)
06-17 22:47:53.006   376   486 E OMXNodeInstance: setConfig(17800b5:google.vorbis.decoder, ConfigPriority(0x6f800002)) ERROR: Undefined(0x80001001)
06-17 22:47:53.007   376  1931 E OMXNodeInstance: getParameter(17800b5:google.vorbis.decoder, ??(0x7f200406)) ERROR: UnsupportedIndex(0x8000101a)
06-17 22:47:53.007   376   486 E OMXNodeInstance: setParameter(17800b5:google.vorbis.decoder, ??(0x7f00002a)) ERROR: UnsupportedIndex(0x8000101a)
06-17 22:48:56.716   403  1403 E DrmManagerService(Native): isProtectedCallAllowed in uid 10095 spid 16561
06-17 22:48:56.716   403  1403 E DrmManagerService(Native): isProtectedCallAllowed out uid 10095 spid 16561, result 0
06-17 22:48:56.717   403  1403 E DrmManagerService(Native): isProtectedCallAllowed DrmMtkUtil::isTrustedClient uid 10095 spid 16561, result 0
06-17 22:48:56.719   403   403 E DrmManagerService(Native): isProtectedCallAllowed in uid 10095 spid 16561
06-17 22:48:56.719   403   403 E DrmManagerService(Native): isProtectedCallAllowed out uid 10095 spid 16561, result 0
06-17 22:48:56.719   403   403 E DrmManagerService(Native): isProtectedCallAllowed DrmMtkUtil::isTrustedClient uid 10095 spid 16561, result 0
06-17 22:48:56.726   407   513 I MediaExtractor: Autodetected media content as 'audio/ext-mpeg' with confidence 0.25
06-17 22:48:56.726   407   513 I MZ MP3Extractor: new mz MP3Extractor +++
06-17 22:48:56.728   407   513 I MZ MP3Extractor: reset VBR bitrate = 0
06-17 22:48:56.728   407   513 I MZ MP3Extractor: new mz MP3Extractor ---
06-17 22:48:56.736   376  1519 I OMXMaster: makeComponentInstance(OMX.MTK.AUDIO.DECODER.MP3) in mediacodec process
06-17 22:48:56.743   376  1938 E MtkOmxAudioDecBase: GetParameter unsupported nParamIndex
06-17 22:48:56.744   376  1938 E OMXNodeInstance: getParameter(17800b6:MTK.DECODER.MP3, ??(0x7f200406)) ERROR: UnsupportedIndex(0x8000101a)
06-17 22:48:56.744   376  1933 E MtkOmxAudioDecBase: MtkOmxAudioDecBase:SetParameter unsupported nParamIndex(0x7F00002A)
06-17 22:48:56.744   376  1933 E OMXNodeInstance: setParameter(17800b6:MTK.DECODER.MP3, ??(0x7f00002a)) ERROR: UnsupportedIndex(0x8000101a)
06-17 22:48:56.781   407   407 E MZ MP3Extractor: Unable to resync. Signalling end of stream.
06-17 22:54:37.838   376   486 E SoftOMXPlugin: destroy component instance, need dlclose()!
06-17 22:54:37.899   403 11942 E DrmManagerService(Native): isProtectedCallAllowed in uid 1013 spid 408
06-17 22:54:37.899   403 11942 E DrmManagerService(Native): isProtectedCallAllowed out uid 1013 spid 408, result 1
06-17 22:54:37.899   403 11942 E DrmManagerService(Native): isProtectedCallAllowed DrmMtkUtil::isTrustedClient uid 1013 spid 408, result 1
06-17 22:54:37.902   403 11942 E DrmCtaPlugIn: [ERROR]onOpenDecryptSession - The key is not set by user
06-17 22:54:37.902   403 11942 E DrmMtkUtil/DrmUtil: parseDcf: not dcf type, dcf version value [79]
06-17 22:54:37.902   403 11942 E DrmMtkPlugIn: onOpenDecryptSession() : failed to parse dcf file.
06-17 22:54:37.906   403 11943 E DrmManagerService(Native): isProtectedCallAllowed in uid 1013 spid 408
06-17 22:54:37.906   403 11943 E DrmManagerService(Native): isProtectedCallAllowed out uid 1013 spid 408, result 1
06-17 22:54:37.906   403 11943 E DrmManagerService(Native): isProtectedCallAllowed DrmMtkUtil::isTrustedClient uid 1013 spid 408, result 1
06-17 22:54:37.906   403 11943 E DrmCtaPlugIn: [ERROR]onOpenDecryptSession - The key is not set by user
06-17 22:54:37.906   403 11943 E DrmMtkUtil/DrmUtil: parseDcf: not dcf type, dcf version value [79]
06-17 22:54:37.906   403 11943 E DrmMtkPlugIn: onOpenDecryptSession() : failed to parse dcf file.
06-17 22:54:37.944   407   513 I MediaExtractor: Autodetected media content as 'application/ogg' with confidence 0.20
06-17 22:54:37.951   407   513 E OggExtractor: failed to read 27 bytes at offset 0x0000000000152c, got 0 bytes
06-17 22:54:37.968   407   513 E OggExtractor: failed to read 27 bytes at offset 0x0000000000152c, got 0 bytes
06-17 22:54:37.968   407   513 E OggExtractor: readPage returned -1011
06-17 22:54:37.979   376  1938 I OMXMaster: makeComponentInstance(OMX.google.vorbis.decoder) in mediacodec process
06-17 22:54:37.979   376  1938 E SoftOMXPlugin: make component instance, need dlopen(libstagefright_soft_vorbisdec.so)!
06-17 22:54:37.991   376  1938 E OMXNodeInstance: setParameter(17800b7:google.vorbis.decoder, ParamAudioPcm(0x4000002)) ERROR: UnsupportedIndex(0x8000101a)
06-17 22:54:37.991   376  1933 E OMXNodeInstance: setConfig(17800b7:google.vorbis.decoder, ConfigPriority(0x6f800002)) ERROR: Undefined(0x80001001)
06-17 22:54:37.992   376  1938 E OMXNodeInstance: getParameter(17800b7:google.vorbis.decoder, ??(0x7f200406)) ERROR: UnsupportedIndex(0x8000101a)
06-17 22:54:37.992   376  1933 E OMXNodeInstance: setParameter(17800b7:google.vorbis.decoder, ??(0x7f00002a)) ERROR: UnsupportedIndex(0x8000101a)
06-17 23:00:04.063   409 28597 D libc-netbsd: [getaddrinfo]: netid=123; mark=262267; ai_flags=1024; ai_family=0
06-17 23:00:04.063   409 28597 D libc-netbsd: [getaddrinfo]: hostname=dc1.networkbench.com; servname=(null); netid=123; mark=262267; ai_flags=1024; ai_family=0
06-17 23:00:04.064   409 28597 D libc-netbsd: default dns: query_ipv6=0, query_ipv4=1
06-17 23:00:04.064   409 28597 D libc-netbsd: res_queryN succeed
06-17 23:00:04.065  6061 28595 D libc-netbsd: getaddrinfo: dc1.networkbench.com get result from proxy gai_error = 0
