--------- beginning of system
06-16 23:39:28.899     1     1 E handle_root_process: hips::handle_root_process -> begin
06-16 23:39:28.901     1     1 E handle_root_process: hips::handle_root_process: mz_is_rooted: 0
06-16 23:39:29.071   323   323 I vold    : Vold 3.0 (the awakening) firing up
06-16 23:39:29.071   323   327 D NVRAM   : Check whether nvram restore ready!
06-16 23:39:29.072   323   323 V vold    : Detected support for: ext4 vfat
06-16 23:39:29.077   323   323 D Vold    : dirtyRatioVal = 2
06-16 23:39:29.077   323   323 W Vold    : Tearing down stale mount /mnt/cd-rom
06-16 23:39:29.108   323   323 D vold    : EmulatedVolume(emulated) is newed
06-16 23:39:29.108   323   323 W vold    : emulated setState: 0
06-16 23:39:29.653   323   336 V vold    : handleBlockEvent with action 1, DEVPATH: /devices/virtual/block/ram0
06-16 23:39:29.654   323   336 D NetlinkEvent: NL action '1'
06-16 23:39:29.654   323   336 D NetlinkEvent: NL subsystem 'block'
06-16 23:39:29.654   323   336 D NetlinkEvent: NL param 'DEVPATH=/devices/virtual/block/ram0'
06-16 23:39:29.655   323   336 D NetlinkEvent: NL param 'MAJOR=1'
06-16 23:39:29.655   323   336 D NetlinkEvent: NL param 'MINOR=0'
06-16 23:39:29.655   323   336 D NetlinkEvent: NL param 'DEVNAME=ram0'
06-16 23:39:29.655   323   336 D NetlinkEvent: NL param 'DEVTYPE=disk'
06-16 23:39:29.655   323   336 D NetlinkEvent: NL param 'NPARTS=0'
06-16 23:39:29.656   323   336 V vold    : handleBlockEvent with action 1, DEVPATH: /devices/virtual/block/loop0
06-16 23:39:29.656   323   336 V vold    : handleBlockEvent with action 1, DEVPATH: /devices/virtual/block/loop1
06-16 23:39:29.657   323   336 V vold    : handleBlockEvent with action 1, DEVPATH: /devices/virtual/block/loop2
06-16 23:39:29.658   323   336 V vold    : handleBlockEvent with action 1, DEVPATH: /devices/virtual/block/loop3
06-16 23:39:29.659   323   336 V vold    : handleBlockEvent with action 1, DEVPATH: /devices/virtual/block/loop4
06-16 23:39:29.659   323   336 V vold    : handleBlockEvent with action 1, DEVPATH: /devices/virtual/block/loop5
06-16 23:39:29.660   323   336 V vold    : handleBlockEvent with action 1, DEVPATH: /devices/virtual/block/loop6
06-16 23:39:29.660   323   336 V vold    : handleBlockEvent with action 1, DEVPATH: /devices/virtual/block/loop7
06-16 23:39:29.660   323   336 V vold    : handleBlockEvent with action 1, DEVPATH: /devices/virtual/block/zram0
06-16 23:39:29.660   323   336 D NetlinkEvent: NL action '1'
06-16 23:39:29.660   323   336 D NetlinkEvent: NL subsystem 'block'
06-16 23:39:29.660   323   336 D NetlinkEvent: NL param 'DEVPATH=/devices/virtual/block/zram0'
06-16 23:39:29.661   323   336 D NetlinkEvent: NL param 'MAJOR=254'
06-16 23:39:29.661   323   336 D NetlinkEvent: NL param 'MINOR=0'
06-16 23:39:29.661   323   336 D NetlinkEvent: NL param 'DEVNAME=zram0'
06-16 23:39:29.661   323   336 D NetlinkEvent: NL param 'DEVTYPE=disk'
06-16 23:39:29.661   323   336 D NetlinkEvent: NL param 'NPARTS=0'
06-16 23:39:29.661   323   336 V vold    : handleBlockEvent with action 1, DEVPATH: /devices/mtk-msdc.0/11230000.msdc0/mmc_host/mmc0/mmc0:0001/block/mmcblk0/mmcblk0rpmb
06-16 23:39:29.661   323   336 D vold    : Skip 'mmcblk0rpmb' disk uevent
06-16 23:39:29.661   323   336 V vold    : handleBlockEvent with action 1, DEVPATH: /devices/mtk-msdc.0/11230000.msdc0/mmc_host/mmc0/mmc0:0001/block/mmcblk0/mmcblk0boot0
06-16 23:39:29.661   323   336 D vold    : Skip 'mmcblk0boot0' disk uevent
06-16 23:39:29.661   323   336 V vold    : handleBlockEvent with action 1, DEVPATH: /devices/mtk-msdc.0/11230000.msdc0/mmc_host/mmc0/mmc0:0001/block/mmcblk0/mmcblk0boot1
06-16 23:39:29.661   323   336 D vold    : Skip 'mmcblk0boot1' disk uevent
06-16 23:39:29.662   323   336 V vold    : handleBlockEvent with action 1, DEVPATH: /devices/mtk-msdc.0/11230000.msdc0/mmc_host/mmc0/mmc0:0001/block/mmcblk0
06-16 23:39:29.662   323   336 I Vold    : handleBlockEvent(): For MTK_SHARED_SDCARD, remove EMMC disk
06-16 23:39:29.662   323   336 V vold    : handleBlockEvent with action 1, DEVPATH: /devices/mtk-msdc.0/11230000.msdc0/mmc_host/mmc0/mmc0:0001/block/mmcblk0/mmcblk0p1
06-16 23:39:29.662   323   336 V vold    : handleBlockEvent with action 1, DEVPATH: /devices/mtk-msdc.0/11230000.msdc0/mmc_host/mmc0/mmc0:0001/block/mmcblk0/mmcblk0p2
06-16 23:39:29.662   323   336 V vold    : handleBlockEvent with action 1, DEVPATH: /devices/mtk-msdc.0/11230000.msdc0/mmc_host/mmc0/mmc0:0001/block/mmcblk0/mmcblk0p3
06-16 23:39:29.662   323   336 V vold    : handleBlockEvent with action 1, DEVPATH: /devices/mtk-msdc.0/11230000.msdc0/mmc_host/mmc0/mmc0:0001/block/mmcblk0/mmcblk0p4
06-16 23:39:29.662   323   336 V vold    : handleBlockEvent with action 1, DEVPATH: /devices/mtk-msdc.0/11230000.msdc0/mmc_host/mmc0/mmc0:0001/block/mmcblk0/mmcblk0p5
06-16 23:39:29.663   323   336 V vold    : handleBlockEvent with action 1, DEVPATH: /devices/mtk-msdc.0/11230000.msdc0/mmc_host/mmc0/mmc0:0001/block/mmcblk0/mmcblk0p6
06-16 23:39:29.663   323   336 V vold    : handleBlockEvent with action 1, DEVPATH: /devices/mtk-msdc.0/11230000.msdc0/mmc_host/mmc0/mmc0:0001/block/mmcblk0/mmcblk0p7
06-16 23:39:29.663   323   336 V vold    : handleBlockEvent with action 1, DEVPATH: /devices/mtk-msdc.0/11230000.msdc0/mmc_host/mmc0/mmc0:0001/block/mmcblk0/mmcblk0p8
06-16 23:39:29.663   323   336 V vold    : handleBlockEvent with action 1, DEVPATH: /devices/mtk-msdc.0/11230000.msdc0/mmc_host/mmc0/mmc0:0001/block/mmcblk0/mmcblk0p9
06-16 23:39:29.663   323   336 V vold    : handleBlockEvent with action 1, DEVPATH: /devices/mtk-msdc.0/11230000.msdc0/mmc_host/mmc0/mmc0:0001/block/mmcblk0/mmcblk0rpmb
06-16 23:39:29.663   323   336 D vold    : Skip 'mmcblk0rpmb' disk uevent
06-16 23:39:29.664   323   336 V vold    : handleBlockEvent with action 1, DEVPATH: /devices/mtk-msdc.0/11230000.msdc0/mmc_host/mmc0/mmc0:0001/block/mmcblk0/mmcblk0boot0
06-16 23:39:29.664   323   336 D vold    : Skip 'mmcblk0boot0' disk uevent
06-16 23:39:29.664   323   336 V vold    : handleBlockEvent with action 1, DEVPATH: /devices/mtk-msdc.0/11230000.msdc0/mmc_host/mmc0/mmc0:0001/block/mmcblk0/mmcblk0boot1
06-16 23:39:29.664   323   336 D vold    : Skip 'mmcblk0boot1' disk uevent
06-16 23:39:29.664   323   336 V vold    : handleBlockEvent with action 1, DEVPATH: /devices/mtk-msdc.0/11230000.msdc0/mmc_host/mmc0/mmc0:0001/block/mmcblk0/mmcblk0p10
06-16 23:39:29.664   323   336 V vold    : handleBlockEvent with action 1, DEVPATH: /devices/mtk-msdc.0/11230000.msdc0/mmc_host/mmc0/mmc0:0001/block/mmcblk0/mmcblk0p11
06-16 23:39:29.665   323   336 V vold    : handleBlockEvent with action 1, DEVPATH: /devices/mtk-msdc.0/11230000.msdc0/mmc_host/mmc0/mmc0:0001/block/mmcblk0/mmcblk0p12
06-16 23:39:29.665   323   336 V vold    : handleBlockEvent with action 1, DEVPATH: /devices/mtk-msdc.0/11230000.msdc0/mmc_host/mmc0/mmc0:0001/block/mmcblk0/mmcblk0p13
06-16 23:39:29.665   323   336 V vold    : handleBlockEvent with action 1, DEVPATH: /devices/mtk-msdc.0/11230000.msdc0/mmc_host/mmc0/mmc0:0001/block/mmcblk0/mmcblk0p14
06-16 23:39:29.665   323   336 V vold    : handleBlockEvent with action 1, DEVPATH: /devices/mtk-msdc.0/11230000.msdc0/mmc_host/mmc0/mmc0:0001/block/mmcblk0/mmcblk0p15
06-16 23:39:29.665   323   336 V vold    : handleBlockEvent with action 1, DEVPATH: /devices/mtk-msdc.0/11230000.msdc0/mmc_host/mmc0/mmc0:0001/block/mmcblk0/mmcblk0p16
06-16 23:39:29.665   323   336 V vold    : handleBlockEvent with action 1, DEVPATH: /devices/mtk-msdc.0/11230000.msdc0/mmc_host/mmc0/mmc0:0001/block/mmcblk0/mmcblk0p17
06-16 23:39:29.665   323   336 V vold    : handleBlockEvent with action 1, DEVPATH: /devices/mtk-msdc.0/11230000.msdc0/mmc_host/mmc0/mmc0:0001/block/mmcblk0/mmcblk0p18
06-16 23:39:29.666   323   336 V vold    : handleBlockEvent with action 1, DEVPATH: /devices/mtk-msdc.0/11230000.msdc0/mmc_host/mmc0/mmc0:0001/block/mmcblk0/mmcblk0p19
06-16 23:39:29.666   323   336 V vold    : handleBlockEvent with action 1, DEVPATH: /devices/mtk-msdc.0/11230000.msdc0/mmc_host/mmc0/mmc0:0001/block/mmcblk0/mmcblk0p20
06-16 23:39:29.666   323   336 V vold    : handleBlockEvent with action 1, DEVPATH: /devices/mtk-msdc.0/11230000.msdc0/mmc_host/mmc0/mmc0:0001/block/mmcblk0/mmcblk0p21
06-16 23:39:29.666   323   336 V vold    : handleBlockEvent with action 1, DEVPATH: /devices/mtk-msdc.0/11230000.msdc0/mmc_host/mmc0/mmc0:0001/block/mmcblk0/mmcblk0p22
06-16 23:39:29.666   323   336 V vold    : handleBlockEvent with action 1, DEVPATH: /devices/mtk-msdc.0/11230000.msdc0/mmc_host/mmc0/mmc0:0001/block/mmcblk0/mmcblk0p23
06-16 23:39:29.666   323   336 V vold    : handleBlockEvent with action 1, DEVPATH: /devices/mtk-msdc.0/11230000.msdc0/mmc_host/mmc0/mmc0:0001/block/mmcblk0/mmcblk0p24
06-16 23:39:29.667   323   336 V vold    : handleBlockEvent with action 1, DEVPATH: /devices/mtk-msdc.0/11230000.msdc0/mmc_host/mmc0/mmc0:0001/block/mmcblk0/mmcblk0p25
06-16 23:39:29.667   323   336 V vold    : handleBlockEvent with action 1, DEVPATH: /devices/mtk-msdc.0/11230000.msdc0/mmc_host/mmc0/mmc0:0001/block/mmcblk0/mmcblk0p26
06-16 23:39:29.667   323   336 V vold    : handleBlockEvent with action 1, DEVPATH: /devices/mtk-msdc.0/11230000.msdc0/mmc_host/mmc0/mmc0:0001/block/mmcblk0/mmcblk0p27
06-16 23:39:29.667   323   336 V vold    : handleBlockEvent with action 1, DEVPATH: /devices/mtk-msdc.0/11230000.msdc0/mmc_host/mmc0/mmc0:0001/block/mmcblk0/mmcblk0p28
06-16 23:39:29.667   323   336 V vold    : handleBlockEvent with action 1, DEVPATH: /devices/mtk-msdc.0/11230000.msdc0/mmc_host/mmc0/mmc0:0001/block/mmcblk0/mmcblk0p29
06-16 23:39:29.667   323   336 V vold    : handleBlockEvent with action 1, DEVPATH: /devices/mtk-msdc.0/11230000.msdc0/mmc_host/mmc0/mmc0:0001/block/mmcblk0/mmcblk0p30
06-16 23:39:29.668   323   336 V vold    : handleBlockEvent with action 1, DEVPATH: /devices/mtk-msdc.0/11230000.msdc0/mmc_host/mmc0/mmc0:0001/block/mmcblk0/mmcblk0p31
06-16 23:39:29.668   323   336 V vold    : handleBlockEvent with action 1, DEVPATH: /devices/mtk-msdc.0/11230000.msdc0/mmc_host/mmc0/mmc0:0001/block/mmcblk0/mmcblk0p32
06-16 23:39:29.668   323   336 V vold    : handleBlockEvent with action 1, DEVPATH: /devices/mtk-msdc.0/11230000.msdc0/mmc_host/mmc0/mmc0:0001/block/mmcblk0/mmcblk0p33
06-16 23:39:29.668   323   336 I Vold    : Coldboot: sem_post() because all uevent has handled
06-16 23:39:29.668   323   323 I NVRAM   : Coldboot: try to wait for uevents, timeout 5s
06-16 23:39:29.668   323   323 I NVRAM   : Coldboot: all uevent has handled
06-16 23:39:29.668   323   323 I vold    : 'nvdata' partition exists.
06-16 23:39:29.677   323   340 D vold    : e4crypt_init_user0
06-16 23:39:29.677   323   340 D vold    : e4crypt_prepare_user_storage for volume null, user 0, serial 0, flags 1
06-16 23:39:29.677   323   340 D vold    : Preparing: /data/system/users/0
06-16 23:39:29.680   323   340 D vold    : Preparing: /data/misc/profiles/cur/0
06-16 23:39:29.681   323   340 D vold    : Preparing: /data/misc/profiles/cur/0/foreign-dex
06-16 23:39:29.682   323   340 D vold    : Preparing: /data/system_de/0
06-16 23:39:29.682   323   340 D vold    : Preparing: /data/misc_de/0
06-16 23:39:29.683   323   340 D vold    : Preparing: /data/user_de/0
06-16 23:39:29.683   323   340 E vold    : Failed to prepare /data/user_de/0: Success
06-16 23:39:29.683   323   340 E vold    : Failed to prepare user 0 storage
06-16 23:39:29.684   323   340 D SocketClient: SocketClient sendData done: 400 326 Command failed
06-16 23:39:59.480   376   376 D MtkOmxMp3Dec: JB MtkOmxMp3Dec::MtkOmxMp3Dec this= 0xf1e90000
06-16 23:39:59.480   376   376 D MtkOmxMp3Dec: JB MtkOmxMp3Dec::InitAudioParams(MP3)
06-16 23:39:59.482   376   376 D MtkOmxMp3Dec: JB ~MtkOmxMp3Dec this= 0xf1e90000
06-16 23:39:59.489   376   376 D MtkOmxGsmDec: MtkOmxComponentCreate +++ !!!
06-16 23:39:59.489   376   376 D MtkOmxGsmDec: MtkOmxGsmDec Construct !!!
06-16 23:39:59.489   376   376 D MtkOmxGsmDec: Init Audio(GSM) Params!!!
06-16 23:39:59.491   376   376 D MtkOmxGsmDec: MtkOmxGsmDec Deconstruct !!!
06-16 23:41:08.008   376  1938 D MtkOmxMp3Dec: JB MtkOmxMp3Dec::MtkOmxMp3Dec this= 0xf0bbbc00
06-16 23:41:08.008   376  1938 D MtkOmxMp3Dec: JB MtkOmxMp3Dec::InitAudioParams(MP3)
06-16 23:41:08.026   376  8594 D MtkOmxMp3Dec: JB +InitMp3Decoder
06-16 23:41:08.066   376  8594 D MtkOmxMp3Dec: MP3 EOS received, TS=-1
06-16 23:41:08.075   376   376 D MtkOmxMp3Dec: JB ~MtkOmxMp3Dec this= 0xf0bbbc00
--------- beginning of main
06-17 07:57:30.862   376   376 E MtkOmxMVAMgr: [0xf1f4f4b0] [ERROR] Can not find MVA from VA: 0xf21d2a00
06-17 07:57:30.862   376  1938 E MtkOmxMVAMgr: [0xf1f4f4b0] [ERROR] Can not find MVA from VA: 0xf21d2a60
06-17 07:57:30.863   376  1931 E MtkOmxMVAMgr: [0xf1f4f4b0] [ERROR] Can not find MVA from VA: 0xf1f185e0
06-17 07:57:30.863   376  1931 E MtkOmxMVAMgr: [0xf1f4f4b0] [ERROR] Can not find MVA from VA: 0xf1f18620
06-17 07:57:30.870   376 25092 E VDO_LOG : u4LevelIdc 41
06-17 07:57:30.871   376 25092 E VDO_LOG : [Warning] profile: 77, level: 41, bDirect8x8InferenceFlag should be 1 (0) 
06-17 07:57:30.871   376 25092 E VDO_LOG : u4LevelIdc 41
06-17 07:57:30.871   376 25092 I VDO_LOG : vdec_drv_h264_decode, u4LevelIdc 41
06-17 07:57:30.871   376 25092 E VDO_LOG : [Debug] getDpbSize final u4DpbSize (4)!!
06-17 07:57:30.871   376 25092 I VDO_LOG : handleSPSNALU() 2 u4LevelIdc 41
06-17 07:57:30.967   376 25095 E MJCFramework: [0][1] Drv is NULL. BP
06-17 07:57:31.554   376 25095 I VDO_LOG : DrvSetSCNOn-> width:1088, height:1920, fps:31
06-17 07:57:34.039   376 25092 I         : sem_wait nWaitMilliSec : 100
06-17 07:57:34.243   376 25095 E MJCFramework: [0][17] BP 4 invaid drv param, IFR: 0, FMT: 1
06-17 07:57:34.243   376 25095 E MJCFramework: [0][17] Drv is NULL. BP
06-17 07:57:34.243   376 25091 E MtkOmxMVAMgr: [0xf1f4f4b0] [ERROR] Can not find MVA from VA: 0x0
06-17 07:57:34.253   376 25095 E MJCFramework: [0][1] BP 4 invaid drv param, IFR: 0, FMT: 1
06-17 07:57:34.253   376 25095 E MJCFramework: [0][1] Drv is NULL. BP
06-17 07:57:34.277   376 25092 I VDO_LOG : 
06-17 07:57:34.277   376 25092 I VDO_LOG : [Info] set bSeekMode true!! (3 0)
06-17 07:57:34.277   376 25092 E VDO_LOG : u4LevelIdc 41
06-17 07:57:34.277   376 25092 E VDO_LOG : [Warning] profile: 77, level: 41, bDirect8x8InferenceFlag should be 1 (0) 
06-17 07:57:34.277   376 25092 E VDO_LOG : u4LevelIdc 41
06-17 07:57:34.277   376 25092 I VDO_LOG : vdec_drv_h264_decode, u4LevelIdc 41
06-17 07:57:34.277   376 25092 E VDO_LOG : [Debug] getDpbSize final u4DpbSize (4)!!
06-17 07:57:34.277   376 25092 I VDO_LOG : handleSPSNALU() 2 u4LevelIdc 41
06-17 07:57:37.391   376 25092 I         : sem_wait nWaitMilliSec : 100
06-17 07:57:37.587   376 25095 E MJCFramework: [0][17] BP 4 invaid drv param, IFR: 0, FMT: 1
06-17 07:57:37.588   376 25095 E MJCFramework: [0][17] Drv is NULL. BP
06-17 07:57:37.589   376 25091 E MtkOmxMVAMgr: [0xf1f4f4b0] [ERROR] Can not find MVA from VA: 0x0
06-17 07:57:37.609   376 25095 E MJCFramework: [0][1] BP 4 invaid drv param, IFR: 0, FMT: 1
06-17 07:57:37.609   376 25095 E MJCFramework: [0][1] Drv is NULL. BP
06-17 07:57:37.638   376 25092 I VDO_LOG : 
06-17 07:57:37.638   376 25092 I VDO_LOG : [Info] set bSeekMode true!! (3 0)
06-17 07:57:37.638   376 25092 E VDO_LOG : u4LevelIdc 41
06-17 07:57:37.638   376 25092 E VDO_LOG : [Warning] profile: 77, level: 41, bDirect8x8InferenceFlag should be 1 (0) 
06-17 07:57:37.638   376 25092 E VDO_LOG : u4LevelIdc 41
06-17 07:57:37.638   376 25092 I VDO_LOG : vdec_drv_h264_decode, u4LevelIdc 41
06-17 07:57:37.638   376 25092 E VDO_LOG : [Debug] getDpbSize final u4DpbSize (4)!!
06-17 07:57:37.638   376 25092 I VDO_LOG : handleSPSNALU() 2 u4LevelIdc 41
06-17 07:57:40.652   376 25092 I         : sem_wait nWaitMilliSec : 100
06-17 07:57:40.935   376 25091 E MtkOmxMVAMgr: [0xf1f4f4b0] [ERROR] Can not find MVA from VA: 0x0
06-17 07:57:40.945   376 25095 E MJCFramework: [0][1] BP 4 invaid drv param, IFR: 0, FMT: 1
06-17 07:57:40.945   376 25095 E MJCFramework: [0][1] Drv is NULL. BP
06-17 07:57:40.975   376 25092 I VDO_LOG : 
06-17 07:57:40.975   376 25092 I VDO_LOG : [Info] set bSeekMode true!! (3 0)
06-17 07:57:40.975   376 25092 E VDO_LOG : u4LevelIdc 41
06-17 07:57:40.975   376 25092 E VDO_LOG : [Warning] profile: 77, level: 41, bDirect8x8InferenceFlag should be 1 (0) 
06-17 07:57:40.975   376 25092 E VDO_LOG : u4LevelIdc 41
06-17 07:57:40.975   376 25092 I VDO_LOG : vdec_drv_h264_decode, u4LevelIdc 41
06-17 07:57:40.975   376 25092 E VDO_LOG : [Debug] getDpbSize final u4DpbSize (4)!!
06-17 07:57:40.975   376 25092 I VDO_LOG : handleSPSNALU() 2 u4LevelIdc 41
06-17 07:57:41.342   376 25092 E VDO_LOG : pFrame is NULL 0x00000000
06-17 07:57:41.342   376 25092 E VDO_LOG : pFrame is NULL 0x00000000
06-17 07:57:41.342   376 25092 E VDO_LOG : pFrame is NULL 0x00000000
06-17 07:57:41.343   376 25092 E VDO_LOG : pFrame is NULL 0x00000000
06-17 07:57:41.343   376 25092 E VDO_LOG : pFrame is NULL 0x00000000
06-17 07:57:41.355   376 25095 E MJCFramework: [0][17] BP 4 invaid drv param, IFR: 0, FMT: 1
06-17 07:57:41.355   376 25095 E MJCFramework: [0][17] Drv is NULL. BP
06-17 07:57:41.356   376 25091 I PerfService: PerfServiceNative_userDisable:35
06-17 07:57:41.356   376 25091 I VDO_LOG : eVDecDrvDeInit perfService_Disable handle 35
06-17 07:57:41.356   376 25091 I PerfService: PerfServiceNative_userUnregScn: handle:35
06-17 07:57:41.356   376 25091 I VDO_LOG : eVDecDrvDeInit perfUserUnregScn handle 35
06-17 07:57:41.357   376 25091 I VDO_LOG : eVDecDrvDeInit  unlock freq
06-17 07:57:41.358   376 25091 I VDO_LOG : [eHalEMICtrl]Profile_Change(BWCPT_VIDEO_PLAYBACK, false)
06-17 07:57:41.359   376 25091 I BWC     : Profile_Change:[BWCPT_VIDEO_PLAYBACK]:OFF,current concurrency is 0x0,DDR=LPDDR3_1800,EMI scenario=CON_SCE_VP4K OFF
06-17 07:57:41.380   376  1931 I MJC_LOG : Successfully unregistered MJC Driver
06-17 07:57:41.380   376 25095 E MJCFramework: [0][1] BP 4 invaid drv param, IFR: 0, FMT: 1
06-17 07:57:41.380   376 25095 E MJCFramework: [0][1] Drv is NULL. BP
06-17 07:57:41.416   403   653 E DrmManagerService(Native): isProtectedCallAllowed in uid 1013 spid 408
06-17 07:57:41.416   403   653 E DrmManagerService(Native): isProtectedCallAllowed out uid 1013 spid 408, result 1
06-17 07:57:41.416   403   653 E DrmManagerService(Native): isProtectedCallAllowed DrmMtkUtil::isTrustedClient uid 1013 spid 408, result 1
06-17 07:57:41.416   403   653 E DrmCtaPlugIn: [ERROR]onOpenDecryptSession - The key is not set by user
06-17 07:57:41.416   403   653 E DrmMtkUtil/DrmUtil: parseDcf: not dcf type, dcf version value [80]
06-17 07:57:41.416   403   653 E DrmMtkPlugIn: onOpenDecryptSession() : failed to parse dcf file.
06-17 07:57:41.426   403   403 E DrmManagerService(Native): isProtectedCallAllowed in uid 1013 spid 408
06-17 07:57:41.426   403   403 E DrmManagerService(Native): isProtectedCallAllowed out uid 1013 spid 408, result 1
06-17 07:57:41.426   403   403 E DrmManagerService(Native): isProtectedCallAllowed DrmMtkUtil::isTrustedClient uid 1013 spid 408, result 1
06-17 07:57:41.426   403   403 E DrmCtaPlugIn: [ERROR]onOpenDecryptSession - The key is not set by user
06-17 07:57:41.426   403   403 E DrmMtkUtil/DrmUtil: parseDcf: not dcf type, dcf version value [80]
06-17 07:57:41.426   403   403 E DrmMtkPlugIn: onOpenDecryptSession() : failed to parse dcf file.
06-17 07:57:41.508   403 11943 E DrmManagerService(Native): isProtectedCallAllowed in uid 1013 spid 408
06-17 07:57:41.508   403 11943 E DrmManagerService(Native): isProtectedCallAllowed out uid 1013 spid 408, result 1
06-17 07:57:41.508   403 11943 E DrmManagerService(Native): isProtectedCallAllowed DrmMtkUtil::isTrustedClient uid 1013 spid 408, result 1
06-17 07:57:41.508   403 11943 E DrmCtaPlugIn: [ERROR]onOpenDecryptSession - The key is not set by user
06-17 07:57:41.508   403 11943 E DrmMtkUtil/DrmUtil: parseDcf: not dcf type, dcf version value [80]
06-17 07:57:41.508   403 11943 E DrmMtkPlugIn: onOpenDecryptSession() : failed to parse dcf file.
06-17 07:57:41.510   403  1403 E DrmManagerService(Native): isProtectedCallAllowed in uid 1013 spid 408
06-17 07:57:41.510   403  1403 E DrmManagerService(Native): isProtectedCallAllowed out uid 1013 spid 408, result 1
06-17 07:57:41.510   403  1403 E DrmManagerService(Native): isProtectedCallAllowed DrmMtkUtil::isTrustedClient uid 1013 spid 408, result 1
06-17 07:57:41.510   403  1403 E DrmCtaPlugIn: [ERROR]onOpenDecryptSession - The key is not set by user
06-17 07:57:41.510   403  1403 E DrmMtkUtil/DrmUtil: parseDcf: not dcf type, dcf version value [80]
06-17 07:57:41.510   403  1403 E DrmMtkPlugIn: onOpenDecryptSession() : failed to parse dcf file.
06-17 07:57:41.534   407   407 I MediaExtractor: Autodetected media content as 'video/mp4' with confidence 0.90
06-17 07:57:41.535   407  1407 I SampleTableExt: There are reordered frames present.
06-17 07:57:41.556   407   513 I MediaExtractor: Autodetected media content as 'video/mp4' with confidence 0.90
06-17 07:57:41.557   407   407 I SampleTableExt: There are reordered frames present.
06-17 07:57:41.577   376   376 I OMXMaster: makeComponentInstance(OMX.MTK.VIDEO.DECODER.AVC) in mediacodec process
06-17 07:57:41.580   376   376 I MJC_LOG : gu1IsMJCDriverRegistered (0)
06-17 07:57:41.580   376   376 I MJC_LOG : Successfully registered MJC Driver
06-17 07:57:41.584   376   376 E MtkOmxVdecEx: [0xf0186000] MtkOmxVdec::GetExtensionIndex Unknown parameter name: OMX.google.android.index.configureVideoTunnelMode
06-17 07:57:41.584   376   376 E MtkOmxVdecEx: [0xf0186000] MtkOmxVdec::GetExtensionIndex Unknown parameter name: OMX.google.android.index.useAndroidNativeBuffer2
06-17 07:57:41.585   376   486 E MtkOmxVdecEx: [0xf0186000] MtkOmxVdec::SetConfig Unknown config index: 0x6F800002
06-17 07:57:41.585   376   486 E OMXNodeInstance: setConfig(1780061:MTK.DECODER.AVC, ConfigPriority(0x6f800002)) ERROR: UnsupportedIndex(0x8000101a)
06-17 07:57:41.585   376   376 E MtkOmxVdecEx: [0xf0186000] MtkOmxVdec::SetConfig Unknown config index: 0x6F800003
06-17 07:57:41.585   376   376 E OMXNodeInstance: setConfig(1780061:MTK.DECODER.AVC, ConfigOperatingRate(0x6f800003)) ERROR: UnsupportedIndex(0x8000101a)
06-17 07:57:41.597   376   486 E OMXNodeInstance: setParameter(1780061:MTK.DECODER.AVC, ParamPortDefinition(0x2000001)) ERROR: BadParameter(0x80001005)
06-17 07:57:41.597   376   376 E OMXNodeInstance: setParameter(1780061:MTK.DECODER.AVC, ParamPortDefinition(0x2000001)) ERROR: BadParameter(0x80001005)
06-17 07:57:41.597   376  1519 E OMXNodeInstance: setParameter(1780061:MTK.DECODER.AVC, ParamPortDefinition(0x2000001)) ERROR: BadParameter(0x80001005)
06-17 07:57:41.598   376  1931 E MtkOmxMVAMgr: [0xf1f4f500] [ERROR] Can not find MVA from VA: 0xf1f184a0
06-17 07:57:41.608   376 25119 I VDO_LOG : VDEC_DRV_SET_TYPE_SET_OMX_TIDS tid1 = 25118, tid2 = 25119
06-17 07:57:41.608   376 25119 I VDO_LOG : [eValInit] pid = 0x178, driver type = 0x6
06-17 07:57:41.608   376 25119 E VDO_LOG : open OK, VCodec_ValFd=56
06-17 07:57:41.609   376 25119 I VDO_LOG : [eHalEMICtrl] VideoDecodeCodec_Set(BWCVT_H264)
06-17 07:57:41.609   376 25119 I VDO_LOG : [eHalEMICtrl]Profile_Change(BWCPT_VIDEO_PLAYBACK, true)
06-17 07:57:41.610   376 25119 I BWC     : Profile_Change:[BWCPT_VIDEO_PLAYBACK]:ON,current concurrency is 0x80,DDR=LPDDR3_1800,EMI scenario=CON_SCE_VP4K ON
06-17 07:57:41.610   376 25119 I VDO_LOG : Vdec_Drv_H264_init, not SEC DEC. 
06-17 07:57:41.610   376 25119 E VDO_LOG : ***iDataSize 112,mTeeType 0
06-17 07:57:41.610   376 25119 E VDO_LOG : u4LevelIdc 41
06-17 07:57:41.610   376 25119 E VDO_LOG : [Warning] profile: 77, level: 41, bDirect8x8InferenceFlag should be 1 (0) 
06-17 07:57:41.610   376 25119 E VDO_LOG : u4LevelIdc 41
06-17 07:57:41.610   376 25119 E VDO_LOG : u4FrameTsInterval value is 0x8235, u4FrameTimingInfo 0x7800
06-17 07:57:41.610   376 25119 E VDO_LOG : MAX W:4096, H:3136, u4MaxFixedBufWidth=4096, u4MaxFixedBufHeight=3136
06-17 07:57:41.610   376 25119 I VDO_LOG : vdec_drv_h264_decode, u4LevelIdc 41
06-17 07:57:41.610   376 25119 E VDO_LOG : [Debug] getDpbSize final u4DpbSize (4)!!
06-17 07:57:41.619   376 25119 I VDO_LOG : [info]use default bitsteam buff size 4.00
06-17 07:57:41.626   376 25119 E VDO_LOG : [Info, h264_dec_init] u4Width 1088, u4Height 1920, u4PicWidth 1088, u4PicHeight 1920, u4BitDepthLuma 8, u4BitDepthChroma 8
06-17 07:57:41.626   376 25119 I VDO_LOG : DrvEnablePerfService eng = 0
06-17 07:57:41.627   376 25119 I PerfService: PerfServiceNative_userRegScn: (pid:376, tid:25119)
06-17 07:57:41.627   376 25119 I VDO_LOG : eVDecDrvInit  perfUserRegScn handle 35
06-17 07:57:41.627   376 25119 I PerfService: PerfServiceNative_userRegScnConfig: handle:35, cmd:19, p1:0, p2:0, p3:0, p4:0
06-17 07:57:41.627   376 25119 I PerfService: PerfServiceNative_userRegScnConfig: handle:35, cmd:0, p1:3, p2:0, p3:0, p4:0
06-17 07:57:41.628   376 25119 I PerfService: PerfServiceNative_userRegScnConfig: handle:35, cmd:2, p1:0, p2:3, p3:0, p4:0
06-17 07:57:41.628   376 25119 I PerfService: PerfServiceNative_userRegScnConfig: handle:35, cmd:16, p1:2, p2:0, p3:0, p4:0
06-17 07:57:41.628   376 25119 I VDO_LOG : eVDecDrvInit  perfUserRegScnConfig LL only
06-17 07:57:41.628   376 25119 I PerfService: PerfServiceNative_userRegScnConfig: handle:35, cmd:12, p1:559000, p2:0, p3:0, p4:0
06-17 07:57:41.628   376 25119 I PerfService: PerfServiceNative_userRegScnConfig: handle:35, cmd:13, p1:80000, p2:0, p3:0, p4:0
06-17 07:57:41.628   376 25119 I PerfService: PerfServiceNative_userRegScnConfig: handle:35, cmd:14, p1:20000, p2:0, p3:0, p4:0
06-17 07:57:41.629   376 25119 I VDO_LOG : eVDecDrvInit  perfUserRegScnConfig slow rise quick fall
06-17 07:57:41.629   376 25119 I PerfService: PerfServiceNative_userEnableAsync:35
06-17 07:57:41.629   376 25119 I VDO_LOG : eVDecDrvInit perfService_Enable handle 35
06-17 07:57:41.629   376 25119 I VDO_LOG : VDEC_DRV_SET_TYPE_SET_CODEC_COLOR_FORAMT Format = 0x2
06-17 07:57:41.629   376 25119 I VDO_LOG : VDEC_DRV_SET_TYPE_SET_CODEC_YUV_STRIDE YStride = 16, u4UVStride = 8
06-17 07:57:41.629   376 25119 I VDO_LOG : Set UFO mode on
06-17 07:57:41.629   376 25119 E VDO_LOG : [DEBUG] VDEC_DRV_GET_TYPE_QUERY_VIDEO_DPB_SIZE 4
06-17 07:57:41.629   376 25119 E VDO_LOG : [DEBUG] VDEC_DRV_GET_TYPE_QUERY_VIDEO_DPB_SIZE 4
06-17 07:57:41.629   376 25119 E MJCFramework: MJC init return:0, mDrv(0x00000000)
06-17 07:57:41.629   376 25119 I VDO_LOG : [DEBUG] u4CropLeft 0 u4CropTop 0 u4CropRight 1079 u4CropBottom 1919
06-17 07:57:41.630   376  1931 I VDO_LOG : Set UFO mode on
06-17 07:57:41.630   376   376 I VDO_LOG : [DEBUG] u4CropLeft 0 u4CropTop 0 u4CropRight 1079 u4CropBottom 1919
06-17 07:57:41.631   376 25118 E MtkOmxMVAMgr: [0xf1f4f500] [ERROR] Can not find MVA from VA: 0x0
06-17 07:57:41.631   376 25118 E MtkOmxMVAMgr: [0xf1f4f500] [ERROR] Can not find MVA from VA: 0x0
06-17 07:57:41.631   376 25118 E MtkOmxMVAMgr: [0xf1f4f500] [ERROR] Can not find MVA from VA: 0x0
06-17 07:57:41.634   376   376 I VDO_LOG : Set UFO mode on
06-17 07:57:41.634   376  1938 I VDO_LOG : Set UFO mode on
06-17 07:57:41.635   376   486 I VDO_LOG : Set UFO mode on
06-17 07:57:41.635   376  1931 E OMXNodeInstance: setParameter(1780061:MTK.DECODER.AVC, ParamPortDefinition(0x2000001)) ERROR: BadParameter(0x80001005)
06-17 07:57:41.635   376   376 E OMXNodeInstance: setParameter(1780061:MTK.DECODER.AVC, ParamPortDefinition(0x2000001)) ERROR: BadParameter(0x80001005)
06-17 07:57:41.635   376  1938 E OMXNodeInstance: setParameter(1780061:MTK.DECODER.AVC, ParamPortDefinition(0x2000001)) ERROR: BadParameter(0x80001005)
06-17 07:57:41.636   376  1933 E MtkOmxMVAMgr: [0xf1f4f500] [ERROR] Can not find MVA from VA: 0xf1f18470
06-17 07:57:41.636   376  1933 E MtkOmxMVAMgr: [0xf1f4f500] [ERROR] Can not find MVA from VA: 0xf1f18470
06-17 07:57:41.636   376   486 E MtkOmxMVAMgr: [0xf1f4f500] [ERROR] Can not find MVA from VA: 0xf1f18420
06-17 07:57:41.636   376  1931 E MtkOmxMVAMgr: [0xf1f4f500] [ERROR] Can not find MVA from VA: 0xf1f18570
06-17 07:57:41.636   376   376 E MtkOmxMVAMgr: [0xf1f4f500] [ERROR] Can not find MVA from VA: 0xf21d2700
06-17 07:57:41.637   376  1938 E MtkOmxMVAMgr: [0xf1f4f500] [ERROR] Can not find MVA from VA: 0xf1f184a0
06-17 07:57:41.637   376  1519 E MtkOmxMVAMgr: [0xf1f4f500] [ERROR] Can not find MVA from VA: 0xf21d25c0
06-17 07:57:41.637   376  1933 E MtkOmxMVAMgr: [0xf1f4f500] [ERROR] Can not find MVA from VA: 0xf21d27c0
06-17 07:57:41.637   376   486 E MtkOmxMVAMgr: [0xf1f4f500] [ERROR] Can not find MVA from VA: 0xf1f18520
06-17 07:57:41.637   376  1931 E MtkOmxMVAMgr: [0xf1f4f500] [ERROR] Can not find MVA from VA: 0xf1f185f0
06-17 07:57:41.637   376   376 E MtkOmxMVAMgr: [0xf1f4f500] [ERROR] Can not find MVA from VA: 0xf21d27f0
06-17 07:57:41.638   376  1938 E MtkOmxMVAMgr: [0xf1f4f500] [ERROR] Can not find MVA from VA: 0xf21d29f0
06-17 07:57:41.638   376  1519 E MtkOmxMVAMgr: [0xf1f4f500] [ERROR] Can not find MVA from VA: 0xf21d2a30
06-17 07:57:41.638   376  1933 E MtkOmxMVAMgr: [0xf1f4f500] [ERROR] Can not find MVA from VA: 0xf21d28c0
06-17 07:57:41.638   376   486 E MtkOmxMVAMgr: [0xf1f4f500] [ERROR] Can not find MVA from VA: 0xf1f185e0
06-17 07:57:41.639   376  1931 E MtkOmxMVAMgr: [0xf1f4f500] [ERROR] Can not find MVA from VA: 0xf1f18670
06-17 07:57:41.639   376   376 E MtkOmxMVAMgr: [0xf1f4f500] [ERROR] Can not find MVA from VA: 0xf21d28f0
06-17 07:57:41.639   376  1938 E MtkOmxMVAMgr: [0xf1f4f500] [ERROR] Can not find MVA from VA: 0xf21d2850
06-17 07:57:41.640   376  1519 E MtkOmxMVAMgr: [0xf1f4f500] [ERROR] Can not find MVA from VA: 0xf21d2890
06-17 07:57:41.640   376  1933 E MtkOmxMVAMgr: [0xf1f4f500] [ERROR] Can not find MVA from VA: 0xf21d29d0
06-17 07:57:41.640   376   486 E MtkOmxMVAMgr: [0xf1f4f500] [ERROR] Can not find MVA from VA: 0xf1f18660
06-17 07:57:41.640   376  1931 E MtkOmxMVAMgr: [0xf1f4f500] [ERROR] Can not find MVA from VA: 0xf1f18720
06-17 07:57:41.645   376 25119 E VDO_LOG : u4LevelIdc 41
06-17 07:57:41.645   376 25119 E VDO_LOG : [Warning] profile: 77, level: 41, bDirect8x8InferenceFlag should be 1 (0) 
06-17 07:57:41.645   376 25119 E VDO_LOG : u4LevelIdc 41
06-17 07:57:41.645   376 25119 I VDO_LOG : vdec_drv_h264_decode, u4LevelIdc 41
06-17 07:57:41.645   376 25119 E VDO_LOG : [Debug] getDpbSize final u4DpbSize (4)!!
06-17 07:57:41.645   376 25119 I VDO_LOG : handleSPSNALU() 2 u4LevelIdc 41
06-17 07:57:41.705   376 25122 E MJCFramework: [0][1] Drv is NULL. BP
06-17 07:57:42.278   376 25122 I VDO_LOG : DrvSetSCNOn-> width:1088, height:1920, fps:31
06-17 07:57:44.803   376 25119 I         : sem_wait nWaitMilliSec : 100
06-17 07:57:44.989   376 25122 E MJCFramework: [0][17] BP 4 invaid drv param, IFR: 0, FMT: 1
06-17 07:57:44.989   376 25122 E MJCFramework: [0][17] Drv is NULL. BP
06-17 07:57:44.990   376 25118 E MtkOmxMVAMgr: [0xf1f4f500] [ERROR] Can not find MVA from VA: 0x0
06-17 07:57:45.025   376 25122 E MJCFramework: [0][1] BP 4 invaid drv param, IFR: 0, FMT: 1
06-17 07:57:45.025   376 25122 E MJCFramework: [0][1] Drv is NULL. BP
06-17 07:57:45.044   376 25119 I VDO_LOG : 
06-17 07:57:45.044   376 25119 I VDO_LOG : [Info] set bSeekMode true!! (3 0)
06-17 07:57:45.044   376 25119 E VDO_LOG : u4LevelIdc 41
06-17 07:57:45.044   376 25119 E VDO_LOG : [Warning] profile: 77, level: 41, bDirect8x8InferenceFlag should be 1 (0) 
06-17 07:57:45.044   376 25119 E VDO_LOG : u4LevelIdc 41
06-17 07:57:45.044   376 25119 I VDO_LOG : vdec_drv_h264_decode, u4LevelIdc 41
06-17 07:57:45.044   376 25119 E VDO_LOG : [Debug] getDpbSize final u4DpbSize (4)!!
06-17 07:57:45.044   376 25119 I VDO_LOG : handleSPSNALU() 2 u4LevelIdc 41
06-17 07:57:48.121   376 25119 I         : sem_wait nWaitMilliSec : 100
06-17 07:57:48.350   376 25122 E MJCFramework: [0][17] BP 4 invaid drv param, IFR: 0, FMT: 1
06-17 07:57:48.350   376 25122 E MJCFramework: [0][17] Drv is NULL. BP
06-17 07:57:48.351   376 25118 E MtkOmxMVAMgr: [0xf1f4f500] [ERROR] Can not find MVA from VA: 0x0
06-17 07:57:48.371   376 25122 E MJCFramework: [0][1] BP 4 invaid drv param, IFR: 0, FMT: 1
06-17 07:57:48.371   376 25122 E MJCFramework: [0][1] Drv is NULL. BP
06-17 07:57:48.410   376 25119 I VDO_LOG : 
06-17 07:57:48.410   376 25119 I VDO_LOG : [Info] set bSeekMode true!! (3 0)
06-17 07:57:48.410   376 25119 E VDO_LOG : u4LevelIdc 41
06-17 07:57:48.410   376 25119 E VDO_LOG : [Warning] profile: 77, level: 41, bDirect8x8InferenceFlag should be 1 (0) 
06-17 07:57:48.410   376 25119 E VDO_LOG : u4LevelIdc 41
06-17 07:57:48.410   376 25119 I VDO_LOG : vdec_drv_h264_decode, u4LevelIdc 41
06-17 07:57:48.410   376 25119 E VDO_LOG : [Debug] getDpbSize final u4DpbSize (4)!!
06-17 07:57:48.410   376 25119 I VDO_LOG : handleSPSNALU() 2 u4LevelIdc 41
06-17 07:57:51.461   376 25119 I         : sem_wait nWaitMilliSec : 100
06-17 07:57:51.728   376 25122 E MJCFramework: [0][17] BP 4 invaid drv param, IFR: 0, FMT: 1
06-17 07:57:51.728   376 25122 E MJCFramework: [0][17] Drv is NULL. BP
06-17 07:57:51.736   376 25118 E MtkOmxMVAMgr: [0xf1f4f500] [ERROR] Can not find MVA from VA: 0x0
06-17 07:57:51.757   376 25122 E MJCFramework: [0][1] BP 4 invaid drv param, IFR: 0, FMT: 1
06-17 07:57:51.757   376 25122 E MJCFramework: [0][1] Drv is NULL. BP
06-17 07:57:51.784   376 25119 I VDO_LOG : 
06-17 07:57:51.784   376 25119 I VDO_LOG : [Info] set bSeekMode true!! (3 0)
06-17 07:57:51.784   376 25119 E VDO_LOG : u4LevelIdc 41
06-17 07:57:51.784   376 25119 E VDO_LOG : [Warning] profile: 77, level: 41, bDirect8x8InferenceFlag should be 1 (0) 
06-17 07:57:51.784   376 25119 E VDO_LOG : u4LevelIdc 41
06-17 07:57:51.784   376 25119 I VDO_LOG : vdec_drv_h264_decode, u4LevelIdc 41
06-17 07:57:51.784   376 25119 E VDO_LOG : [Debug] getDpbSize final u4DpbSize (4)!!
06-17 07:57:51.784   376 25119 I VDO_LOG : handleSPSNALU() 2 u4LevelIdc 41
06-17 07:57:54.869   376 25119 I         : sem_wait nWaitMilliSec : 100
06-17 07:57:55.085   376 25122 E MJCFramework: [0][17] BP 4 invaid drv param, IFR: 0, FMT: 1
06-17 07:57:55.085   376 25122 E MJCFramework: [0][17] Drv is NULL. BP
06-17 07:57:55.086   376 25118 E MtkOmxMVAMgr: [0xf1f4f500] [ERROR] Can not find MVA from VA: 0x0
06-17 07:57:55.106   376 25122 E MJCFramework: [0][1] BP 4 invaid drv param, IFR: 0, FMT: 1
06-17 07:57:55.106   376 25122 E MJCFramework: [0][1] Drv is NULL. BP
06-17 07:57:55.164   376 25119 I VDO_LOG : 
06-17 07:57:55.164   376 25119 I VDO_LOG : [Info] set bSeekMode true!! (3 0)
06-17 07:57:55.164   376 25119 E VDO_LOG : u4LevelIdc 41
06-17 07:57:55.164   376 25119 E VDO_LOG : [Warning] profile: 77, level: 41, bDirect8x8InferenceFlag should be 1 (0) 
06-17 07:57:55.164   376 25119 E VDO_LOG : u4LevelIdc 41
06-17 07:57:55.164   376 25119 I VDO_LOG : vdec_drv_h264_decode, u4LevelIdc 41
06-17 07:57:55.165   376 25119 E VDO_LOG : [Debug] getDpbSize final u4DpbSize (4)!!
06-17 07:57:55.165   376 25119 I VDO_LOG : handleSPSNALU() 2 u4LevelIdc 41
06-17 07:57:58.174   376 25119 I         : sem_wait nWaitMilliSec : 100
06-17 07:57:58.470   376 25122 E MJCFramework: [0][17] BP 4 invaid drv param, IFR: 0, FMT: 1
06-17 07:57:58.471   376 25122 E MJCFramework: [0][17] Drv is NULL. BP
06-17 07:57:58.471   376 25118 E MtkOmxMVAMgr: [0xf1f4f500] [ERROR] Can not find MVA from VA: 0x0
06-17 07:57:58.485   376 25122 E MJCFramework: [0][1] BP 4 invaid drv param, IFR: 0, FMT: 1
06-17 07:57:58.485   376 25122 E MJCFramework: [0][1] Drv is NULL. BP
06-17 07:57:58.515   376 25119 I VDO_LOG : 
06-17 07:57:58.515   376 25119 I VDO_LOG : [Info] set bSeekMode true!! (3 0)
06-17 07:57:58.515   376 25119 E VDO_LOG : u4LevelIdc 41
06-17 07:57:58.515   376 25119 E VDO_LOG : [Warning] profile: 77, level: 41, bDirect8x8InferenceFlag should be 1 (0) 
06-17 07:57:58.515   376 25119 E VDO_LOG : u4LevelIdc 41
06-17 07:57:58.515   376 25119 I VDO_LOG : vdec_drv_h264_decode, u4LevelIdc 41
06-17 07:57:58.515   376 25119 E VDO_LOG : [Debug] getDpbSize final u4DpbSize (4)!!
06-17 07:57:58.515   376 25119 I VDO_LOG : handleSPSNALU() 2 u4LevelIdc 41
06-17 07:58:01.524   376 25119 I         : sem_wait nWaitMilliSec : 100
06-17 07:58:01.824   376 25122 E MJCFramework: [0][17] BP 4 invaid drv param, IFR: 0, FMT: 1
06-17 07:58:01.824   376 25122 E MJCFramework: [0][17] Drv is NULL. BP
06-17 07:58:01.824   376 25118 E MtkOmxMVAMgr: [0xf1f4f500] [ERROR] Can not find MVA from VA: 0x0
06-17 07:58:01.843   376 25122 E MJCFramework: [0][1] BP 4 invaid drv param, IFR: 0, FMT: 1
06-17 07:58:01.843   376 25122 E MJCFramework: [0][1] Drv is NULL. BP
06-17 07:58:01.883   376 25119 I VDO_LOG : 
06-17 07:58:01.883   376 25119 I VDO_LOG : [Info] set bSeekMode true!! (3 0)
06-17 07:58:01.883   376 25119 E VDO_LOG : u4LevelIdc 41
06-17 07:58:01.883   376 25119 E VDO_LOG : [Warning] profile: 77, level: 41, bDirect8x8InferenceFlag should be 1 (0) 
06-17 07:58:01.883   376 25119 E VDO_LOG : u4LevelIdc 41
06-17 07:58:01.883   376 25119 I VDO_LOG : vdec_drv_h264_decode, u4LevelIdc 41
06-17 07:58:01.883   376 25119 E VDO_LOG : [Debug] getDpbSize final u4DpbSize (4)!!
06-17 07:58:01.883   376 25119 I VDO_LOG : handleSPSNALU() 2 u4LevelIdc 41
06-17 07:58:04.943   376 25119 I         : sem_wait nWaitMilliSec : 100
06-17 07:58:05.201   376 25122 E MJCFramework: [0][17] BP 4 invaid drv param, IFR: 0, FMT: 1
06-17 07:58:05.201   376 25122 E MJCFramework: [0][17] Drv is NULL. BP
06-17 07:58:05.202   376 25118 E MtkOmxMVAMgr: [0xf1f4f500] [ERROR] Can not find MVA from VA: 0x0
06-17 07:58:05.221   376 25122 E MJCFramework: [0][1] BP 4 invaid drv param, IFR: 0, FMT: 1
06-17 07:58:05.221   376 25122 E MJCFramework: [0][1] Drv is NULL. BP
06-17 07:58:05.254   376 25119 I VDO_LOG : 
06-17 07:58:05.254   376 25119 I VDO_LOG : [Info] set bSeekMode true!! (3 0)
06-17 07:58:05.254   376 25119 E VDO_LOG : u4LevelIdc 41
06-17 07:58:05.254   376 25119 E VDO_LOG : [Warning] profile: 77, level: 41, bDirect8x8InferenceFlag should be 1 (0) 
06-17 07:58:05.254   376 25119 E VDO_LOG : u4LevelIdc 41
06-17 07:58:05.254   376 25119 I VDO_LOG : vdec_drv_h264_decode, u4LevelIdc 41
06-17 07:58:05.255   376 25119 E VDO_LOG : [Debug] getDpbSize final u4DpbSize (4)!!
06-17 07:58:05.255   376 25119 I VDO_LOG : handleSPSNALU() 2 u4LevelIdc 41
06-17 07:58:08.310   376 25119 I         : sem_wait nWaitMilliSec : 100
06-17 07:58:08.556   376 25122 E MJCFramework: [0][17] BP 4 invaid drv param, IFR: 0, FMT: 1
06-17 07:58:08.556   376 25122 E MJCFramework: [0][17] Drv is NULL. BP
06-17 07:58:08.556   376 25118 E MtkOmxMVAMgr: [0xf1f4f500] [ERROR] Can not find MVA from VA: 0x0
06-17 07:58:08.567   376 25122 E MJCFramework: [0][1] BP 4 invaid drv param, IFR: 0, FMT: 1
06-17 07:58:08.567   376 25122 E MJCFramework: [0][1] Drv is NULL. BP
06-17 07:58:08.597   376 25119 I VDO_LOG : 
06-17 07:58:08.597   376 25119 I VDO_LOG : [Info] set bSeekMode true!! (3 0)
06-17 07:58:08.597   376 25119 E VDO_LOG : u4LevelIdc 41
06-17 07:58:08.597   376 25119 E VDO_LOG : [Warning] profile: 77, level: 41, bDirect8x8InferenceFlag should be 1 (0) 
06-17 07:58:08.597   376 25119 E VDO_LOG : u4LevelIdc 41
06-17 07:58:08.597   376 25119 I VDO_LOG : vdec_drv_h264_decode, u4LevelIdc 41
06-17 07:58:08.597   376 25119 E VDO_LOG : [Debug] getDpbSize final u4DpbSize (4)!!
06-17 07:58:08.597   376 25119 I VDO_LOG : handleSPSNALU() 2 u4LevelIdc 41
06-17 07:58:11.680   376 25119 I         : sem_wait nWaitMilliSec : 100
06-17 07:58:11.891   376 25118 E MtkOmxMVAMgr: [0xf1f4f500] [ERROR] Can not find MVA from VA: 0x0
06-17 07:58:11.902   376 25122 E MJCFramework: [0][1] BP 4 invaid drv param, IFR: 0, FMT: 1
06-17 07:58:11.902   376 25122 E MJCFramework: [0][1] Drv is NULL. BP
06-17 07:58:11.947   376 25119 I VDO_LOG : 
06-17 07:58:11.947   376 25119 I VDO_LOG : [Info] set bSeekMode true!! (3 0)
06-17 07:58:11.947   376 25119 E VDO_LOG : u4LevelIdc 41
06-17 07:58:11.947   376 25119 E VDO_LOG : [Warning] profile: 77, level: 41, bDirect8x8InferenceFlag should be 1 (0) 
06-17 07:58:11.947   376 25119 E VDO_LOG : u4LevelIdc 41
06-17 07:58:11.947   376 25119 I VDO_LOG : vdec_drv_h264_decode, u4LevelIdc 41
06-17 07:58:11.948   376 25119 E VDO_LOG : [Debug] getDpbSize final u4DpbSize (4)!!
06-17 07:58:11.948   376 25119 I VDO_LOG : handleSPSNALU() 2 u4LevelIdc 41
06-17 07:58:15.023   376 25119 I         : sem_wait nWaitMilliSec : 100
06-17 07:58:15.249   376 25122 E MJCFramework: [0][17] BP 4 invaid drv param, IFR: 0, FMT: 1
06-17 07:58:15.249   376 25122 E MJCFramework: [0][17] Drv is NULL. BP
06-17 07:58:15.249   376 25118 E MtkOmxMVAMgr: [0xf1f4f500] [ERROR] Can not find MVA from VA: 0x0
06-17 07:58:15.269   376 25122 E MJCFramework: [0][1] BP 4 invaid drv param, IFR: 0, FMT: 1
06-17 07:58:15.269   376 25122 E MJCFramework: [0][1] Drv is NULL. BP
06-17 07:58:15.334   376 25119 I VDO_LOG : 
06-17 07:58:15.334   376 25119 I VDO_LOG : [Info] set bSeekMode true!! (3 0)
06-17 07:58:15.334   376 25119 E VDO_LOG : u4LevelIdc 41
06-17 07:58:15.334   376 25119 E VDO_LOG : [Warning] profile: 77, level: 41, bDirect8x8InferenceFlag should be 1 (0) 
06-17 07:58:15.334   376 25119 E VDO_LOG : u4LevelIdc 41
06-17 07:58:15.334   376 25119 I VDO_LOG : vdec_drv_h264_decode, u4LevelIdc 41
06-17 07:58:15.334   376 25119 E VDO_LOG : [Debug] getDpbSize final u4DpbSize (4)!!
06-17 07:58:15.334   376 25119 I VDO_LOG : handleSPSNALU() 2 u4LevelIdc 41
06-17 07:58:18.429   376 25119 I         : sem_wait nWaitMilliSec : 100
06-17 07:58:18.638   376 25122 E MJCFramework: [0][17] BP 4 invaid drv param, IFR: 0, FMT: 1
06-17 07:58:18.642   376 25122 E MJCFramework: [0][17] Drv is NULL. BP
06-17 07:58:18.643   376 25118 E MtkOmxMVAMgr: [0xf1f4f500] [ERROR] Can not find MVA from VA: 0x0
06-17 07:58:18.664   376 25122 E MJCFramework: [0][1] BP 4 invaid drv param, IFR: 0, FMT: 1
06-17 07:58:18.664   376 25122 E MJCFramework: [0][1] Drv is NULL. BP
06-17 07:58:18.724   376 25119 I VDO_LOG : 
06-17 07:58:18.724   376 25119 I VDO_LOG : [Info] set bSeekMode true!! (3 0)
06-17 07:58:18.724   376 25119 E VDO_LOG : u4LevelIdc 41
06-17 07:58:18.724   376 25119 E VDO_LOG : [Warning] profile: 77, level: 41, bDirect8x8InferenceFlag should be 1 (0) 
06-17 07:58:18.724   376 25119 E VDO_LOG : u4LevelIdc 41
06-17 07:58:18.724   376 25119 I VDO_LOG : vdec_drv_h264_decode, u4LevelIdc 41
06-17 07:58:18.724   376 25119 E VDO_LOG : [Debug] getDpbSize final u4DpbSize (4)!!
06-17 07:58:18.724   376 25119 I VDO_LOG : handleSPSNALU() 2 u4LevelIdc 41
06-17 07:58:21.827   376 25119 I         : sem_wait nWaitMilliSec : 100
06-17 07:58:22.031   376 25122 E MJCFramework: [0][17] BP 4 invaid drv param, IFR: 0, FMT: 1
06-17 07:58:22.031   376 25122 E MJCFramework: [0][17] Drv is NULL. BP
06-17 07:58:22.032   376 25118 E MtkOmxMVAMgr: [0xf1f4f500] [ERROR] Can not find MVA from VA: 0x0
06-17 07:58:22.042   376 25122 E MJCFramework: [0][1] BP 4 invaid drv param, IFR: 0, FMT: 1
06-17 07:58:22.042   376 25122 E MJCFramework: [0][1] Drv is NULL. BP
06-17 07:58:22.082   376 25119 I VDO_LOG : 
06-17 07:58:22.082   376 25119 I VDO_LOG : [Info] set bSeekMode true!! (3 0)
06-17 07:58:22.082   376 25119 E VDO_LOG : u4LevelIdc 41
06-17 07:58:22.082   376 25119 E VDO_LOG : [Warning] profile: 77, level: 41, bDirect8x8InferenceFlag should be 1 (0) 
06-17 07:58:22.082   376 25119 E VDO_LOG : u4LevelIdc 41
06-17 07:58:22.082   376 25119 I VDO_LOG : vdec_drv_h264_decode, u4LevelIdc 41
06-17 07:58:22.082   376 25119 E VDO_LOG : [Debug] getDpbSize final u4DpbSize (4)!!
06-17 07:58:22.082   376 25119 I VDO_LOG : handleSPSNALU() 2 u4LevelIdc 41
06-17 07:58:25.119   376 25119 I         : sem_wait nWaitMilliSec : 100
06-17 07:58:25.403   376 25122 E MJCFramework: [0][17] BP 4 invaid drv param, IFR: 0, FMT: 1
06-17 07:58:25.403   376 25122 E MJCFramework: [0][17] Drv is NULL. BP
06-17 07:58:25.404   376 25118 E MtkOmxMVAMgr: [0xf1f4f500] [ERROR] Can not find MVA from VA: 0x0
06-17 07:58:25.447   376 25122 E MJCFramework: [0][1] BP 4 invaid drv param, IFR: 0, FMT: 1
06-17 07:58:25.447   376 25122 E MJCFramework: [0][1] Drv is NULL. BP
06-17 07:58:25.461   376 25119 I VDO_LOG : 
06-17 07:58:25.461   376 25119 I VDO_LOG : [Info] set bSeekMode true!! (3 0)
06-17 07:58:25.461   376 25119 E VDO_LOG : u4LevelIdc 41
06-17 07:58:25.461   376 25119 E VDO_LOG : [Warning] profile: 77, level: 41, bDirect8x8InferenceFlag should be 1 (0) 
06-17 07:58:25.461   376 25119 E VDO_LOG : u4LevelIdc 41
06-17 07:58:25.462   376 25119 I VDO_LOG : vdec_drv_h264_decode, u4LevelIdc 41
06-17 07:58:25.462   376 25119 E VDO_LOG : [Debug] getDpbSize final u4DpbSize (4)!!
06-17 07:58:25.462   376 25119 I VDO_LOG : handleSPSNALU() 2 u4LevelIdc 41
06-17 07:58:28.550   376 25119 I         : sem_wait nWaitMilliSec : 100
06-17 07:58:28.786   376 25122 E MJCFramework: [0][17] BP 4 invaid drv param, IFR: 0, FMT: 1
06-17 07:58:28.786   376 25122 E MJCFramework: [0][17] Drv is NULL. BP
06-17 07:58:28.786   376 25118 E MtkOmxMVAMgr: [0xf1f4f500] [ERROR] Can not find MVA from VA: 0x0
06-17 07:58:28.810   376 25122 E MJCFramework: [0][1] BP 4 invaid drv param, IFR: 0, FMT: 1
06-17 07:58:28.811   376 25122 E MJCFramework: [0][1] Drv is NULL. BP
06-17 07:58:28.833   376 25119 I VDO_LOG : 
06-17 07:58:28.833   376 25119 I VDO_LOG : [Info] set bSeekMode true!! (3 0)
06-17 07:58:28.833   376 25119 E VDO_LOG : u4LevelIdc 41
06-17 07:58:28.833   376 25119 E VDO_LOG : [Warning] profile: 77, level: 41, bDirect8x8InferenceFlag should be 1 (0) 
06-17 07:58:28.833   376 25119 E VDO_LOG : u4LevelIdc 41
06-17 07:58:28.833   376 25119 I VDO_LOG : vdec_drv_h264_decode, u4LevelIdc 41
06-17 07:58:28.833   376 25119 E VDO_LOG : [Debug] getDpbSize final u4DpbSize (4)!!
06-17 07:58:28.833   376 25119 I VDO_LOG : handleSPSNALU() 2 u4LevelIdc 41
06-17 07:58:31.956   376 25119 I         : sem_wait nWaitMilliSec : 100
06-17 07:58:32.150   376 25122 E MJCFramework: [0][17] BP 4 invaid drv param, IFR: 0, FMT: 1
06-17 07:58:32.150   376 25122 E MJCFramework: [0][17] Drv is NULL. BP
06-17 07:58:32.150   376 25118 E MtkOmxMVAMgr: [0xf1f4f500] [ERROR] Can not find MVA from VA: 0x0
06-17 07:58:32.171   376 25122 E MJCFramework: [0][1] BP 4 invaid drv param, IFR: 0, FMT: 1
06-17 07:58:32.171   376 25122 E MJCFramework: [0][1] Drv is NULL. BP
06-17 07:58:32.215   376 25119 I VDO_LOG : 
06-17 07:58:32.215   376 25119 I VDO_LOG : [Info] set bSeekMode true!! (3 0)
06-17 07:58:32.215   376 25119 E VDO_LOG : u4LevelIdc 41
06-17 07:58:32.215   376 25119 E VDO_LOG : [Warning] profile: 77, level: 41, bDirect8x8InferenceFlag should be 1 (0) 
06-17 07:58:32.215   376 25119 E VDO_LOG : u4LevelIdc 41
06-17 07:58:32.215   376 25119 I VDO_LOG : vdec_drv_h264_decode, u4LevelIdc 41
06-17 07:58:32.215   376 25119 E VDO_LOG : [Debug] getDpbSize final u4DpbSize (4)!!
06-17 07:58:32.215   376 25119 I VDO_LOG : handleSPSNALU() 2 u4LevelIdc 41
06-17 07:58:35.288   376 25119 I         : sem_wait nWaitMilliSec : 100
06-17 07:58:35.530   376 25118 E MtkOmxMVAMgr: [0xf1f4f500] [ERROR] Can not find MVA from VA: 0x0
06-17 07:58:35.530   376 25118 E MtkOmxMVAMgr: [0xf1f4f500] [ERROR] Can not find MVA from VA: 0x0
06-17 07:58:35.552   376 25122 E MJCFramework: [0][1] BP 4 invaid drv param, IFR: 0, FMT: 1
06-17 07:58:35.552   376 25122 E MJCFramework: [0][1] Drv is NULL. BP
06-17 07:58:35.603   376 25119 I VDO_LOG : 
06-17 07:58:35.603   376 25119 I VDO_LOG : [Info] set bSeekMode true!! (3 0)
06-17 07:58:35.603   376 25119 E VDO_LOG : u4LevelIdc 41
06-17 07:58:35.603   376 25119 E VDO_LOG : [Warning] profile: 77, level: 41, bDirect8x8InferenceFlag should be 1 (0) 
06-17 07:58:35.603   376 25119 E VDO_LOG : u4LevelIdc 41
06-17 07:58:35.603   376 25119 I VDO_LOG : vdec_drv_h264_decode, u4LevelIdc 41
06-17 07:58:35.603   376 25119 E VDO_LOG : [Debug] getDpbSize final u4DpbSize (4)!!
06-17 07:58:35.603   376 25119 I VDO_LOG : handleSPSNALU() 2 u4LevelIdc 41
06-17 07:58:38.724   376 25119 I         : sem_wait nWaitMilliSec : 100
06-17 07:58:38.936   376 25122 E MJCFramework: [0][17] BP 4 invaid drv param, IFR: 0, FMT: 1
06-17 07:58:38.936   376 25122 E MJCFramework: [0][17] Drv is NULL. BP
06-17 07:58:38.936   376 25118 E MtkOmxMVAMgr: [0xf1f4f500] [ERROR] Can not find MVA from VA: 0x0
06-17 07:58:38.937   376 25118 E MtkOmxMVAMgr: [0xf1f4f500] [ERROR] Can not find MVA from VA: 0x0
06-17 07:58:38.962   376 25122 E MJCFramework: [0][1] BP 4 invaid drv param, IFR: 0, FMT: 1
06-17 07:58:38.962   376 25122 E MJCFramework: [0][1] Drv is NULL. BP
06-17 07:58:39.000   376 25119 I VDO_LOG : 
06-17 07:58:39.000   376 25119 I VDO_LOG : [Info] set bSeekMode true!! (3 0)
06-17 07:58:39.000   376 25119 E VDO_LOG : u4LevelIdc 41
06-17 07:58:39.000   376 25119 E VDO_LOG : [Warning] profile: 77, level: 41, bDirect8x8InferenceFlag should be 1 (0) 
06-17 07:58:39.000   376 25119 E VDO_LOG : u4LevelIdc 41
06-17 07:58:39.000   376 25119 I VDO_LOG : vdec_drv_h264_decode, u4LevelIdc 41
06-17 07:58:39.000   376 25119 E VDO_LOG : [Debug] getDpbSize final u4DpbSize (4)!!
06-17 07:58:39.000   376 25119 I VDO_LOG : handleSPSNALU() 2 u4LevelIdc 41
06-17 07:58:42.082   376 25119 I         : sem_wait nWaitMilliSec : 100
06-17 07:58:42.310   376 25122 E MJCFramework: [0][17] BP 4 invaid drv param, IFR: 0, FMT: 1
06-17 07:58:42.310   376 25122 E MJCFramework: [0][17] Drv is NULL. BP
06-17 07:58:42.311   376 25118 E MtkOmxMVAMgr: [0xf1f4f500] [ERROR] Can not find MVA from VA: 0x0
06-17 07:58:42.333   376 25122 E MJCFramework: [0][1] BP 4 invaid drv param, IFR: 0, FMT: 1
06-17 07:58:42.333   376 25122 E MJCFramework: [0][1] Drv is NULL. BP
06-17 07:58:42.375   376 25119 I VDO_LOG : 
06-17 07:58:42.375   376 25119 I VDO_LOG : [Info] set bSeekMode true!! (3 0)
06-17 07:58:42.375   376 25119 E VDO_LOG : u4LevelIdc 41
06-17 07:58:42.375   376 25119 E VDO_LOG : [Warning] profile: 77, level: 41, bDirect8x8InferenceFlag should be 1 (0) 
06-17 07:58:42.375   376 25119 E VDO_LOG : u4LevelIdc 41
06-17 07:58:42.375   376 25119 I VDO_LOG : vdec_drv_h264_decode, u4LevelIdc 41
06-17 07:58:42.375   376 25119 E VDO_LOG : [Debug] getDpbSize final u4DpbSize (4)!!
06-17 07:58:42.375   376 25119 I VDO_LOG : handleSPSNALU() 2 u4LevelIdc 41
